[INFO] Scanning for projects...
[INFO] ------------------------------------------------------------------------
[INFO] Reactor Build Order:
[INFO] 
[INFO] use                                                                [pom]
[INFO] use-core                                                           [jar]
[INFO] use-gui                                                            [jar]
[INFO] use-assembly                                                       [pom]
[INFO] USE JaCaMo Plugin                                                  [jar]
[INFO] 
[INFO] --------------------------< org.tzi.use:use >---------------------------
[INFO] Building use 7.5.0                                                 [1/5]
[INFO]   from pom.xml
[INFO] --------------------------------[ pom ]---------------------------------
[INFO] 
[INFO] --- clean:3.2.0:clean (default-clean) @ use ---
[INFO] 
[INFO] ------------------------< org.tzi.use:use-core >------------------------
[INFO] Building use-core 7.5.0                                            [2/5]
[INFO]   from use-core\pom.xml
[INFO] --------------------------------[ jar ]---------------------------------
[INFO] 
[INFO] --- clean:3.2.0:clean (default-clean) @ use-core ---
[INFO] Deleting D:\_CODE_BANK\Project_\08_Thesis\use\use-core\target
[INFO] 
[INFO] --- merge:1.2.0:merge (merge-grammar-files) @ use-core ---
[INFO] 
[INFO] --- antlr3:3.5.3:antlr (antlr) @ use-core ---
[INFO] ANTLR: Processing source directory D:\_CODE_BANK\Project_\08_Thesis\use\use-core\target\grammars
[INFO] 
[INFO] --- copy-rename:1.0:rename (move-antlr-parser-use) @ use-core ---
[INFO] Renamed D:\_CODE_BANK\Project_\08_Thesis\use\use-core\target\generated-sources\antlr3\USELexer.java to D:\_CODE_BANK\Project_\08_Thesis\use\use-core\target\generated-sources\antlr3\org\tzi\use\parser\use\USELexer.java
[INFO] Renamed D:\_CODE_BANK\Project_\08_Thesis\use\use-core\target\generated-sources\antlr3\USEParser.java to D:\_CODE_BANK\Project_\08_Thesis\use\use-core\target\generated-sources\antlr3\org\tzi\use\parser\use\USEParser.java
[INFO] Renamed D:\_CODE_BANK\Project_\08_Thesis\use\use-core\target\generated-sources\antlr3\GeneratorLexer.java to D:\_CODE_BANK\Project_\08_Thesis\use\use-core\target\generated-sources\antlr3\org\tzi\use\parser\generator\GeneratorLexer.java
[INFO] Renamed D:\_CODE_BANK\Project_\08_Thesis\use\use-core\target\generated-sources\antlr3\GeneratorParser.java to D:\_CODE_BANK\Project_\08_Thesis\use\use-core\target\generated-sources\antlr3\org\tzi\use\parser\generator\GeneratorParser.java
[INFO] Renamed D:\_CODE_BANK\Project_\08_Thesis\use\use-core\target\generated-sources\antlr3\OCLLexer.java to D:\_CODE_BANK\Project_\08_Thesis\use\use-core\target\generated-sources\antlr3\org\tzi\use\parser\ocl\OCLLexer.java
[INFO] Renamed D:\_CODE_BANK\Project_\08_Thesis\use\use-core\target\generated-sources\antlr3\OCLParser.java to D:\_CODE_BANK\Project_\08_Thesis\use\use-core\target\generated-sources\antlr3\org\tzi\use\parser\ocl\OCLParser.java
[INFO] Renamed D:\_CODE_BANK\Project_\08_Thesis\use\use-core\target\generated-sources\antlr3\ShellCommandLexer.java to D:\_CODE_BANK\Project_\08_Thesis\use\use-core\target\generated-sources\antlr3\org\tzi\use\parser\shell\ShellCommandLexer.java
[INFO] Renamed D:\_CODE_BANK\Project_\08_Thesis\use\use-core\target\generated-sources\antlr3\ShellCommandParser.java to D:\_CODE_BANK\Project_\08_Thesis\use\use-core\target\generated-sources\antlr3\org\tzi\use\parser\shell\ShellCommandParser.java
[INFO] Renamed D:\_CODE_BANK\Project_\08_Thesis\use\use-core\target\generated-sources\antlr3\SoilLexer.java to D:\_CODE_BANK\Project_\08_Thesis\use\use-core\target\generated-sources\antlr3\org\tzi\use\parser\soil\SoilLexer.java
[INFO] Renamed D:\_CODE_BANK\Project_\08_Thesis\use\use-core\target\generated-sources\antlr3\SoilParser.java to D:\_CODE_BANK\Project_\08_Thesis\use\use-core\target\generated-sources\antlr3\org\tzi\use\parser\soil\SoilParser.java
[INFO] Renamed D:\_CODE_BANK\Project_\08_Thesis\use\use-core\target\generated-sources\antlr3\TestSuiteLexer.java to D:\_CODE_BANK\Project_\08_Thesis\use\use-core\target\generated-sources\antlr3\org\tzi\use\parser\testsuite\TestSuiteLexer.java
[INFO] Renamed D:\_CODE_BANK\Project_\08_Thesis\use\use-core\target\generated-sources\antlr3\TestSuiteParser.java to D:\_CODE_BANK\Project_\08_Thesis\use\use-core\target\generated-sources\antlr3\org\tzi\use\parser\testsuite\TestSuiteParser.java
[INFO] 
[INFO] --- build-helper:3.6.0:add-source (add-antlr3-generated-source) @ use-core ---
[INFO] Source directory: D:\_CODE_BANK\Project_\08_Thesis\use\use-core\target\generated-sources\antlr3 added.
[INFO] 
[INFO] --- resources:3.3.1:resources (default-resources) @ use-core ---
[INFO] Copying 512 resources from src\main\resources to target\classes
[INFO] 
[INFO] --- build-helper:3.6.0:add-test-source (add-test-source) @ use-core ---
[INFO] Test Source directory: D:\_CODE_BANK\Project_\08_Thesis\use\use-core\src\it\java added.
[INFO] 
[INFO] --- compiler:3.15.0:compile (default-compile) @ use-core ---
[WARNING] *********************************************************************************************************************************************************************************************
[WARNING] * Required filename-based automodules detected: [antlr-runtime-3.5.3.jar, combinatoricslib-2.3.jar, vtd-xml-2.13.4.jar]. Please don't publish this project to a public artifact repository! *
[WARNING] *********************************************************************************************************************************************************************************************
[INFO] Recompiling the module because of changed source code.
[INFO] Compiling 569 source files with javac [debug target 21 module-path] to target\classes
[INFO] /D:/_CODE_BANK/Project_/08_Thesis/use/use-core/src/main/java/org/tzi/use/uml/ocl/type/MessageType.java: Some input files use or override a deprecated API.
[INFO] /D:/_CODE_BANK/Project_/08_Thesis/use/use-core/src/main/java/org/tzi/use/uml/ocl/type/MessageType.java: Recompile with -Xlint:deprecation for details.
[INFO] /D:/_CODE_BANK/Project_/08_Thesis/use/use-core/target/generated-sources/antlr3/org/tzi/use/parser/generator/GeneratorParser.java: Some input files use unchecked or unsafe operations.
[INFO] /D:/_CODE_BANK/Project_/08_Thesis/use/use-core/target/generated-sources/antlr3/org/tzi/use/parser/generator/GeneratorParser.java: Recompile with -Xlint:unchecked for details.
[INFO] 
[INFO] --- resources:3.3.1:testResources (default-testResources) @ use-core ---
[INFO] Copying 91 resources from src\test\resources to target\test-classes
[INFO] 
[INFO] --- compiler:3.15.0:testCompile (default-testCompile) @ use-core ---
[INFO] Recompiling the module because of changed dependency.
[INFO] Compiling 52 source files with javac [debug target 21 module-path] to target\test-classes
[INFO] 
[INFO] --- surefire:3.2.5:test (default-test) @ use-core ---
[INFO] Using auto detected provider org.apache.maven.surefire.junitplatform.JUnitPlatformProvider
[INFO] 
[INFO] -------------------------------------------------------
[INFO]  T E S T S
[INFO] -------------------------------------------------------
SLF4J(W): No SLF4J providers were found.
SLF4J(W): Defaulting to no-operation (NOP) logger implementation
SLF4J(W): See https://www.slf4j.org/codes.html#noProviders for further details.
[INFO] Running org.tzi.use.architecture.MavenCyclicDependenciesCoreTest
Number of cycles in org.tzi.use.main without tests: 0
Number of cycles in org.tzi.use.main with tests: 0
Number of cycles in org.tzi.use.analysis without tests: 0
Number of cycles in org.tzi.use.analysis with tests: 0
Number of cycles in org.tzi.use.util without tests: 0
Number of cycles in org.tzi.use.util with tests: 0
Number of cycles in org.tzi.use.gen without tests: 1
Number of cycles in org.tzi.use.gen with tests: 1
Number of cycles in org.tzi.use.parser without tests: 2
Number of cycles in org.tzi.use.parser with tests: 36
Number of cycles in org.tzi.use.api without tests: 1
Number of cycles in org.tzi.use.api with tests: 1
Cycles in core module with tests : 210
Number of cycles in org.tzi.use.graph without tests: 0
Number of cycles in org.tzi.use.graph with tests: 0
Number of cycles in org.tzi.use.config without tests: 0
Number of cycles in org.tzi.use.config with tests: 0
Cycles in core module without tests : 55
Number of cycles in org.tzi.use.uml without tests: 5
Number of cycles in org.tzi.use.uml with tests: 5
[INFO] Tests run: 11, Failures: 0, Errors: 0, Skipped: 0, Time elapsed: 10.82 s -- in org.tzi.use.architecture.MavenCyclicDependenciesCoreTest
[INFO] Running org.tzi.use.uml.mm.ModelAPITest
[INFO] Tests run: 1, Failures: 0, Errors: 0, Skipped: 0, Time elapsed: 0.314 s -- in org.tzi.use.uml.mm.ModelAPITest
[INFO] 
[INFO] Results:
[INFO] 
[INFO] Tests run: 12, Failures: 0, Errors: 0, Skipped: 0
[INFO] 
[INFO] 
[INFO] --- jar:3.4.1:jar (default-jar) @ use-core ---
[INFO] Building jar: D:\_CODE_BANK\Project_\08_Thesis\use\use-core\target\use-core-7.5.0.jar
[INFO] 
[INFO] --- failsafe:2.22.2:integration-test (default) @ use-core ---
[INFO] 
[INFO] -------------------------------------------------------
[INFO]  T E S T S
[INFO] -------------------------------------------------------
SLF4J(W): No SLF4J providers were found.
SLF4J(W): Defaulting to no-operation (NOP) logger implementation
SLF4J(W): See https://www.slf4j.org/codes.html#noProviders for further details.
[INFO] Running org.tzi.use.OCLExpressionIT
[INFO] Tests run: 1, Failures: 0, Errors: 0, Skipped: 0, Time elapsed: 0.123 s - in org.tzi.use.OCLExpressionIT
[INFO] 
[INFO] Results:
[INFO] 
[INFO] Tests run: 1, Failures: 0, Errors: 0, Skipped: 0
[INFO] 
[INFO] 
[INFO] --- failsafe:2.22.2:verify (default) @ use-core ---
[INFO] 
[INFO] ------------------------< org.tzi.use:use-gui >-------------------------
[INFO] Building use-gui 7.5.0                                             [3/5]
[INFO]   from use-gui\pom.xml
[INFO] --------------------------------[ jar ]---------------------------------
[INFO] 
[INFO] --- clean:3.2.0:clean (default-clean) @ use-gui ---
[INFO] Deleting D:\_CODE_BANK\Project_\08_Thesis\use\use-gui\target
[INFO] 
[INFO] --- resources:3.3.1:resources (default-resources) @ use-gui ---
[INFO] Copying 56 resources from src\main\resources to target\classes
[INFO] 
[INFO] --- build-helper:1.5:add-test-source (add-test-source) @ use-gui ---
[INFO] Test Source directory: D:\_CODE_BANK\Project_\08_Thesis\use\use-gui\src\it\java added.
[INFO] 
[INFO] --- compiler:3.15.0:compile (default-compile) @ use-gui ---
[WARNING] ******************************************************************************************************************************************************************************************************************************************
[WARNING] * Required filename-based automodules detected: [antlr-runtime-3.5.3.jar, combinatoricslib-2.3.jar, annotations-13.0.jar, itextpdf-5.5.13.3.jar, vtd-xml-2.13.4.jar]. Please don't publish this project to a public artifact repository! *
[WARNING] ******************************************************************************************************************************************************************************************************************************************
[INFO] Recompiling the module because of changed dependency.
[INFO] Compiling 307 source files with javac [debug target 21 module-path] to target\classes
[WARNING] /D:/_CODE_BANK/Project_/08_Thesis/use/use-gui/src/main/java/org/tzi/use/gui/views/diagrams/util/MenuScroller.java:[435,15] finalize() in java.lang.Object has been deprecated and marked for removal
[INFO] /D:/_CODE_BANK/Project_/08_Thesis/use/use-gui/src/main/java/org/tzi/use/runtime/gui/impl/PluginActionProxy.java: Some input files use or override a deprecated API.
[INFO] /D:/_CODE_BANK/Project_/08_Thesis/use/use-gui/src/main/java/org/tzi/use/runtime/gui/impl/PluginActionProxy.java: Recompile with -Xlint:deprecation for details.
[INFO] 
[INFO] --- build-helper:1.5:add-test-resource (add-test-resource) @ use-gui ---
[INFO] 
[INFO] --- resources:3.3.1:testResources (default-testResources) @ use-gui ---
[INFO] Copying 1 resource from src\test\resources to target\test-classes
[INFO] Copying 297 resources from src\it\resources to target\test-classes
[INFO] 
[INFO] --- compiler:3.15.0:testCompile (default-testCompile) @ use-gui ---
[INFO] Recompiling the module because of changed dependency.
[INFO] Compiling 9 source files with javac [debug target 21 module-path] to target\test-classes
[INFO] 
[INFO] --- surefire:3.2.5:test (default-test) @ use-gui ---
[INFO] Using auto detected provider org.apache.maven.surefire.junitplatform.JUnitPlatformProvider
[INFO] 
[INFO] -------------------------------------------------------
[INFO]  T E S T S
[INFO] -------------------------------------------------------
SLF4J(W): No SLF4J providers were found.
SLF4J(W): Defaulting to no-operation (NOP) logger implementation
SLF4J(W): See https://www.slf4j.org/codes.html#noProviders for further details.
[INFO] Running org.tzi.use.architecture.MavenLayeredArchitectureTest
0
[INFO] Tests run: 1, Failures: 0, Errors: 0, Skipped: 0, Time elapsed: 13.09 s -- in org.tzi.use.architecture.MavenLayeredArchitectureTest
[INFO] 
[INFO] Results:
[INFO] 
[INFO] Tests run: 1, Failures: 0, Errors: 0, Skipped: 0
[INFO] 
[INFO] 
[INFO] --- jar:3.4.1:jar (default-jar) @ use-gui ---
[INFO] Building jar: D:\_CODE_BANK\Project_\08_Thesis\use\use-gui\target\use-gui-7.5.0.jar
[INFO] 
[INFO] --- assembly:3.7.1:single (make-assembly) @ use-gui ---
[INFO] Building jar: D:\_CODE_BANK\Project_\08_Thesis\use\use-gui\target\use-gui.jar
[WARNING] Configuration option 'appendAssemblyId' is set to false.
Instead of attaching the assembly file: D:\_CODE_BANK\Project_\08_Thesis\use\use-gui\target\use-gui.jar, it will become the file for main project artifact.
NOTE: If multiple descriptors or descriptor-formats are provided for this project, the value of this file will be non-deterministic!
[WARNING] Replacing pre-existing project main-artifact file: D:\_CODE_BANK\Project_\08_Thesis\use\use-gui\target\use-gui-7.5.0.jar
with assembly file: D:\_CODE_BANK\Project_\08_Thesis\use\use-gui\target\use-gui.jar
[INFO] 
[INFO] --- failsafe:2.22.2:integration-test (default) @ use-gui ---
[INFO] 
[INFO] -------------------------------------------------------
[INFO]  T E S T S
[INFO] -------------------------------------------------------
SLF4J(W): No SLF4J providers were found.
SLF4J(W): Defaulting to no-operation (NOP) logger implementation
SLF4J(W): See https://www.slf4j.org/codes.html#noProviders for further details.
[INFO] Running org.tzi.use.main.shell.ShellIT
[INFO] Tests run: 129, Failures: 0, Errors: 0, Skipped: 0, Time elapsed: 14.814 s - in org.tzi.use.main.shell.ShellIT
[INFO] 
[INFO] Results:
[INFO] 
[INFO] Tests run: 129, Failures: 0, Errors: 0, Skipped: 0
[INFO] 
[INFO] 
[INFO] --- failsafe:2.22.2:verify (default) @ use-gui ---
[INFO] 
[INFO] ----------------------< org.tzi.use:use-assembly >----------------------
[INFO] Building use-assembly 7.5.0                                        [4/5]
[INFO]   from use-assembly\pom.xml
[INFO] --------------------------------[ pom ]---------------------------------
[INFO] 
[INFO] --- clean:3.2.0:clean (default-clean) @ use-assembly ---
[INFO] Deleting D:\_CODE_BANK\Project_\08_Thesis\use\use-assembly\target
[INFO] 
[INFO] --- assembly:3.3.0:single (make-assembly) @ use-assembly ---
[WARNING]  Parameter 'finalName' is read-only, must not be used in configuration
[INFO] Reading assembly descriptor: src/assembly/assembly.xml
[INFO] Building tar: D:\_CODE_BANK\Project_\08_Thesis\use\use-assembly\target\use-7.5.0-use-bin.tar.gz
[WARNING] Entry: use-7.5.0/examples/Documentation/HowToCheckUMLAndOCLModelsWithUSE/independence_attributesDefined.cmd longer than 100 characters.
[WARNING] Resulting tar file can only be processed successfully by GNU compatible tar commands
[WARNING] Entry: use-7.5.0/examples/Documentation/HowToCheckUMLAndOCLModelsWithUSE/independence_attributesDefined.gif longer than 100 characters.
[WARNING] Entry: use-7.5.0/examples/Documentation/HowToCheckUMLAndOCLModelsWithUSE/independence_attributesDefined.pro longer than 100 characters.
[WARNING] Entry: use-7.5.0/examples/Documentation/HowToCheckUMLAndOCLModelsWithUSE/independence_nameCapitalThenSmallLetters.cmd longer than 100 characters.
[WARNING] Entry: use-7.5.0/examples/Documentation/HowToCheckUMLAndOCLModelsWithUSE/independence_nameCapitalThenSmallLetters.gif longer than 100 characters.
[WARNING] Entry: use-7.5.0/examples/Documentation/HowToCheckUMLAndOCLModelsWithUSE/independence_nameCapitalThenSmallLetters.pro longer than 100 characters.
[WARNING] Entry: use-7.5.0/examples/Papers/2001/RichtersPhDThesis/EmployeeExtended/SplitCommands/EmployeeExtended0.cmd longer than 100 characters.
[WARNING] Entry: use-7.5.0/examples/Papers/2001/RichtersPhDThesis/EmployeeExtended/SplitCommands/EmployeeExtended1.cmd longer than 100 characters.
[WARNING] Entry: use-7.5.0/examples/Papers/2001/RichtersPhDThesis/EmployeeExtended/SplitCommands/EmployeeExtended2.cmd longer than 100 characters.
[WARNING] Entry: use-7.5.0/examples/Papers/2001/RichtersPhDThesis/EmployeeExtended/SplitCommands/EmployeeExtended3.cmd longer than 100 characters.
[WARNING] Entry: use-7.5.0/examples/Papers/2001/RichtersPhDThesis/EmployeeExtended/SplitCommands/EmployeeExtended4.cmd longer than 100 characters.
[WARNING] Entry: use-7.5.0/examples/Papers/2001/RichtersPhDThesis/EmployeeExtended/SplitCommands/EmployeeExtendedRaiseSalary.cmd longer than 100 characters.
[INFO] Building zip: D:\_CODE_BANK\Project_\08_Thesis\use\use-assembly\target\use-7.5.0-use-bin.zip
[INFO] 
[INFO] -----------------------< org.tzi.use:use-plugin >-----------------------
[INFO] Building USE JaCaMo Plugin 1.0.1                                   [5/5]
[INFO]   from use-plugin\pom.xml
[INFO] --------------------------------[ jar ]---------------------------------
[INFO] 
[INFO] --- clean:3.2.0:clean (default-clean) @ use-plugin ---
[INFO] Deleting D:\_CODE_BANK\Project_\08_Thesis\use\use-plugin\target
[INFO] 
[INFO] --- resources:3.3.1:resources (default-resources) @ use-plugin ---
[INFO] Copying 8 resources from src\main\resources to target\classes
[INFO] Copying 1 resource from Core\Metamodel to target\classes\org\tzi\use\plugins\jacamo\canonical
[INFO] Copying 3 resources from Core\Mapping to target\classes\org\tzi\use\plugins\jacamo\canonical
[INFO] Copying 1 resource from release to target\classes\org\tzi\use\plugins\jacamo\release
[INFO] Copying 1 resource from  to target\classes\org\tzi\use\plugins\jacamo\release
[INFO] Copying 2 resources from licenses to target\classes\org\tzi\use\plugins\jacamo\release\licenses
[INFO] 
[INFO] --- compiler:3.15.0:compile (default-compile) @ use-plugin ---
[INFO] Recompiling the module because of changed dependency.
[INFO] Compiling 132 source files with javac [debug target 21] to target\classes
[INFO] /D:/_CODE_BANK/Project_/08_Thesis/use/use-plugin/src/main/java/org/tzi/use/plugins/jacamo/materialization/DirectUseBackend.java: D:\_CODE_BANK\Project_\08_Thesis\use\use-plugin\src\main\java\org\tzi\use\plugins\jacamo\materialization\DirectUseBackend.java uses or overrides a deprecated API.
[INFO] /D:/_CODE_BANK/Project_/08_Thesis/use/use-plugin/src/main/java/org/tzi/use/plugins/jacamo/materialization/DirectUseBackend.java: Recompile with -Xlint:deprecation for details.
[INFO] 
[INFO] --- resources:3.3.1:testResources (default-testResources) @ use-plugin ---
[INFO] Copying 12 resources from src\test\resources to target\test-classes
[INFO] 
[INFO] --- compiler:3.15.0:testCompile (default-testCompile) @ use-plugin ---
[INFO] Recompiling the module because of changed dependency.
[INFO] Compiling 36 source files with javac [debug target 21] to target\test-classes
[INFO] /D:/_CODE_BANK/Project_/08_Thesis/use/use-plugin/src/test/java/org/tzi/use/plugins/jacamo/runtime/AuctionSourceRuntime.java: D:\_CODE_BANK\Project_\08_Thesis\use\use-plugin\src\test\java\org\tzi\use\plugins\jacamo\runtime\AuctionSourceRuntime.java uses or overrides a deprecated API.
[INFO] /D:/_CODE_BANK/Project_/08_Thesis/use/use-plugin/src/test/java/org/tzi/use/plugins/jacamo/runtime/AuctionSourceRuntime.java: Recompile with -Xlint:deprecation for details.
[INFO] 
[INFO] --- surefire:3.2.5:test (default-test) @ use-plugin ---
[INFO] Using auto detected provider org.apache.maven.surefire.junitplatform.JUnitPlatformProvider
[INFO] 
[INFO] -------------------------------------------------------
[INFO]  T E S T S
[INFO] -------------------------------------------------------
[INFO] Running org.tzi.use.plugins.jacamo.CompatibilityManifestTest
[INFO] Tests run: 1, Failures: 0, Errors: 0, Skipped: 0, Time elapsed: 0.235 s -- in org.tzi.use.plugins.jacamo.CompatibilityManifestTest
[INFO] Running org.tzi.use.plugins.jacamo.constraint.ConstraintOclTest
SLF4J(W): No SLF4J providers were found.
SLF4J(W): Defaulting to no-operation (NOP) logger implementation
SLF4J(W): See https://www.slf4j.org/codes.html#noProviders for further details.
[INFO] Tests run: 7, Failures: 0, Errors: 0, Skipped: 0, Time elapsed: 1.812 s -- in org.tzi.use.plugins.jacamo.constraint.ConstraintOclTest
[INFO] Running org.tzi.use.plugins.jacamo.DefaultJaCaMoFacadeTest
PHASE13_PERFORMANCE import=252960400ns generation=36786100ns fullCheck=646600ns memory=28942112B maxMemory=4219469824B
[INFO] Tests run: 11, Failures: 0, Errors: 0, Skipped: 0, Time elapsed: 3.184 s -- in org.tzi.use.plugins.jacamo.DefaultJaCaMoFacadeTest
[INFO] Running org.tzi.use.plugins.jacamo.evidence.EvidenceNormalizerTest
[INFO] Tests run: 2, Failures: 0, Errors: 0, Skipped: 0, Time elapsed: 0.024 s -- in org.tzi.use.plugins.jacamo.evidence.EvidenceNormalizerTest
[INFO] Running org.tzi.use.plugins.jacamo.evidence.EvidenceSourceCommitTest
[INFO] Tests run: 1, Failures: 0, Errors: 0, Skipped: 0, Time elapsed: 0.718 s -- in org.tzi.use.plugins.jacamo.evidence.EvidenceSourceCommitTest
[INFO] Running org.tzi.use.plugins.jacamo.extraction.StaticProjectImporterTest
[INFO] Tests run: 8, Failures: 0, Errors: 0, Skipped: 0, Time elapsed: 3.195 s -- in org.tzi.use.plugins.jacamo.extraction.StaticProjectImporterTest
[INFO] Running org.tzi.use.plugins.jacamo.GoldenPipelineTest
[INFO] Tests run: 1, Failures: 0, Errors: 0, Skipped: 0, Time elapsed: 1.109 s -- in org.tzi.use.plugins.jacamo.GoldenPipelineTest
[INFO] Running org.tzi.use.plugins.jacamo.HotfixBindingTest
[INFO] Tests run: 1, Failures: 0, Errors: 0, Skipped: 0, Time elapsed: 3.335 s -- in org.tzi.use.plugins.jacamo.HotfixBindingTest
[INFO] Running org.tzi.use.plugins.jacamo.HotfixLifecycleTest
[INFO] Tests run: 4, Failures: 0, Errors: 0, Skipped: 0, Time elapsed: 1.313 s -- in org.tzi.use.plugins.jacamo.HotfixLifecycleTest
[INFO] Running org.tzi.use.plugins.jacamo.JaCaMoPluginTest
[INFO] Tests run: 4, Failures: 0, Errors: 0, Skipped: 0, Time elapsed: 0.440 s -- in org.tzi.use.plugins.jacamo.JaCaMoPluginTest
[INFO] Running org.tzi.use.plugins.jacamo.mapping.MappingTransformationTest
[INFO] Tests run: 10, Failures: 0, Errors: 0, Skipped: 0, Time elapsed: 0.520 s -- in org.tzi.use.plugins.jacamo.mapping.MappingTransformationTest
[INFO] Running org.tzi.use.plugins.jacamo.materialization.InstanceMaterializationTest
[INFO] Tests run: 2, Failures: 0, Errors: 0, Skipped: 0, Time elapsed: 0.261 s -- in org.tzi.use.plugins.jacamo.materialization.InstanceMaterializationTest
[INFO] Running org.tzi.use.plugins.jacamo.project.JcmProjectLoaderTest
[INFO] Tests run: 11, Failures: 0, Errors: 0, Skipped: 0, Time elapsed: 0.213 s -- in org.tzi.use.plugins.jacamo.project.JcmProjectLoaderTest
[INFO] Running org.tzi.use.plugins.jacamo.project.ProjectModelTest
[INFO] Tests run: 3, Failures: 0, Errors: 0, Skipped: 0, Time elapsed: 0.009 s -- in org.tzi.use.plugins.jacamo.project.ProjectModelTest
[INFO] Running org.tzi.use.plugins.jacamo.release.ReleasePackageContractTest
[INFO] Tests run: 1, Failures: 0, Errors: 0, Skipped: 0, Time elapsed: 0.004 s -- in org.tzi.use.plugins.jacamo.release.ReleasePackageContractTest
[INFO] Running org.tzi.use.plugins.jacamo.runtime.AuctionSourceRuntimeTest
[INFO] Tests run: 1, Failures: 0, Errors: 0, Skipped: 0, Time elapsed: 0.832 s -- in org.tzi.use.plugins.jacamo.runtime.AuctionSourceRuntimeTest
[INFO] Running org.tzi.use.plugins.jacamo.runtime.CartagoRuntimeConnectorTest
[Basic logger ] At 1789671175238 artifact body_useMonitor134f841f8a444bafb79b6f1c7ca10cbd type: cartago.AgentBodyArtifact has been created by useMonitor134f841f8a444bafb79b6f1c7ca10cbd
[Basic logger ] At 1789671175238 artifact body_useMonitor134f841f8a444bafb79b6f1c7ca10cbd focussed by useMonitor134f841f8a444bafb79b6f1c7ca10cbd
[Basic logger ] At 1789671175238 agent useMonitor134f841f8a444bafb79b6f1c7ca10cbd joined the workspace.
[Basic logger ] At 1789671175239 new percept generated about artifact session_useMonitor134f841f8a444bafb79b6f1c7ca10cbd added properties: [Lcartago.ArtifactObsProperty;@1c1e971c
[Basic logger ] At 1789671175239 artifact session_useMonitor134f841f8a444bafb79b6f1c7ca10cbd type: cartago.AgentSessionArtifact has been created by useMonitor134f841f8a444bafb79b6f1c7ca10cbd
[Basic logger ] At 1789671175239 artifact session_useMonitor134f841f8a444bafb79b6f1c7ca10cbd focussed by useMonitor134f841f8a444bafb79b6f1c7ca10cbd
[Basic logger ] At 1789671175241 operation ( makeArtifact auction134f841f8a444bafb79b6f1c7ca10cbd org.tzi.use.plugins.jacamo.runtime.TestAuctionArtifact [Ljava.lang.Object;@538c823c cartago.OpFeedbackParam@bba6542 ) requested in artifact workspace by agent useMonitor134f841f8a444bafb79b6f1c7ca10cbd 
[Basic logger ] At 1789671175241 operation ( makeArtifact auction134f841f8a444bafb79b6f1c7ca10cbd org.tzi.use.plugins.jacamo.runtime.TestAuctionArtifact [Ljava.lang.Object;@538c823c cartago.OpFeedbackParam@bba6542 ) started in artifact workspace
[Basic logger ] At 1789671175241 new percept generated about artifact auction134f841f8a444bafb79b6f1c7ca10cbd added properties: [Lcartago.ArtifactObsProperty;@78c9ec27
[Basic logger ] At 1789671175244 artifact auction134f841f8a444bafb79b6f1c7ca10cbd type: org.tzi.use.plugins.jacamo.runtime.TestAuctionArtifact has been created by useMonitor134f841f8a444bafb79b6f1c7ca10cbd
[Basic logger ] At 1789671175244 new percept generated about artifact workspace added properties: [Lcartago.ArtifactObsProperty;@31ea8480
[Basic logger ] At 1789671175244 operation ( makeArtifact auction134f841f8a444bafb79b6f1c7ca10cbd org.tzi.use.plugins.jacamo.runtime.TestAuctionArtifact [Ljava.lang.Object;@538c823c cartago.OpFeedbackParam@bba6542 ) completed in artifact workspace
[Basic logger ] At 1789671175247 operation ( closeAuction ) requested in artifact auction134f841f8a444bafb79b6f1c7ca10cbd by agent useMonitor134f841f8a444bafb79b6f1c7ca10cbd 
[Basic logger ] At 1789671175247 operation ( closeAuction ) started in artifact auction134f841f8a444bafb79b6f1c7ca10cbd
[Basic logger ] At 1789671175247 new percept generated about artifact auction134f841f8a444bafb79b6f1c7ca10cbd changed properties: [Lcartago.ArtifactObsProperty;@4311289b
[Basic logger ] At 1789671175247 operation ( closeAuction ) completed in artifact auction134f841f8a444bafb79b6f1c7ca10cbd
[Basic logger ] At 1789671175247 operation ( placeBid item1 10 ) requested in artifact auction134f841f8a444bafb79b6f1c7ca10cbd by agent useMonitor134f841f8a444bafb79b6f1c7ca10cbd 
[Basic logger ] At 1789671175247 operation ( placeBid item1 10 ) started in artifact auction134f841f8a444bafb79b6f1c7ca10cbd
[Basic logger ] At 1789671175247 new percept generated about artifact auction134f841f8a444bafb79b6f1c7ca10cbd signal: bid(item1,10) 
[Basic logger ] At 1789671175247 operation ( placeBid item1 10 ) completed in artifact auction134f841f8a444bafb79b6f1c7ca10cbd
[Basic logger ] At 1789671175250 operation ( placeBid item1 0 ) requested in artifact auction134f841f8a444bafb79b6f1c7ca10cbd by agent useMonitor134f841f8a444bafb79b6f1c7ca10cbd 
[Basic logger ] At 1789671175250 operation ( placeBid item1 0 ) started in artifact auction134f841f8a444bafb79b6f1c7ca10cbd
[Basic logger ] At 1789671175250 operation ( placeBid item1 0 ) failed in artifact auction134f841f8a444bafb79b6f1c7ca10cbd - msg:amount must be positive desc:null
[Basic logger ] At 1789671175250 operation ( removeOpen ) requested in artifact auction134f841f8a444bafb79b6f1c7ca10cbd by agent useMonitor134f841f8a444bafb79b6f1c7ca10cbd 
[Basic logger ] At 1789671175250 operation ( removeOpen ) started in artifact auction134f841f8a444bafb79b6f1c7ca10cbd
[Basic logger ] At 1789671175251 new percept generated about artifact auction134f841f8a444bafb79b6f1c7ca10cbd removed properties: [Lcartago.ArtifactObsProperty;@435b24bc
[Basic logger ] At 1789671175251 operation ( removeOpen ) completed in artifact auction134f841f8a444bafb79b6f1c7ca10cbd
[Basic logger ] At 1789671175254 artifact auction134f841f8a444bafb79b6f1c7ca10cbd has been disposed by null
[INFO] Tests run: 1, Failures: 0, Errors: 0, Skipped: 0, Time elapsed: 0.019 s -- in org.tzi.use.plugins.jacamo.runtime.CartagoRuntimeConnectorTest
[INFO] Running org.tzi.use.plugins.jacamo.runtime.CompositeRuntimeConnectorTest
[INFO] Tests run: 1, Failures: 0, Errors: 0, Skipped: 0, Time elapsed: 0.021 s -- in org.tzi.use.plugins.jacamo.runtime.CompositeRuntimeConnectorTest
[INFO] Running org.tzi.use.plugins.jacamo.runtime.JasonRuntimeConnectorTest
[INFO] Tests run: 1, Failures: 0, Errors: 0, Skipped: 0, Time elapsed: 0.016 s -- in org.tzi.use.plugins.jacamo.runtime.JasonRuntimeConnectorTest
[INFO] Running org.tzi.use.plugins.jacamo.runtime.LiveJaCaMoAuctionIntegrationTest
[INFO] Tests run: 1, Failures: 0, Errors: 0, Skipped: 0, Time elapsed: 1.657 s -- in org.tzi.use.plugins.jacamo.runtime.LiveJaCaMoAuctionIntegrationTest
[INFO] Running org.tzi.use.plugins.jacamo.runtime.MoiseRuntimeConnectorTest
[INFO] Tests run: 1, Failures: 0, Errors: 0, Skipped: 0, Time elapsed: 0.013 s -- in org.tzi.use.plugins.jacamo.runtime.MoiseRuntimeConnectorTest
[INFO] Running org.tzi.use.plugins.jacamo.runtime.RuntimeFoundationTest
[ERROR] Tests run: 14, Failures: 2, Errors: 0, Skipped: 0, Time elapsed: 2.866 s <<< FAILURE! -- in org.tzi.use.plugins.jacamo.runtime.RuntimeFoundationTest
[ERROR] org.tzi.use.plugins.jacamo.runtime.RuntimeFoundationTest.mirrorReportsOrderingAndShutdownRejectionsAndClosesTimingLifecycle -- Time elapsed: 0.228 s <<< FAILURE!
org.opentest4j.AssertionFailedError: expected: <[event-1-SET_ATTRIBUTE, event-3-SET_ATTRIBUTE]> but was: <[event-1-SET_ATTRIBUTE]>
	at org.junit.jupiter.api.AssertionUtils.fail(AssertionUtils.java:55)
	at org.junit.jupiter.api.AssertionUtils.failNotEqual(AssertionUtils.java:62)
	at org.junit.jupiter.api.AssertEquals.assertEquals(AssertEquals.java:182)
	at org.junit.jupiter.api.AssertEquals.assertEquals(AssertEquals.java:177)
	at org.junit.jupiter.api.Assertions.assertEquals(Assertions.java:1141)
	at org.tzi.use.plugins.jacamo.runtime.RuntimeFoundationTest.mirrorReportsOrderingAndShutdownRejectionsAndClosesTimingLifecycle(RuntimeFoundationTest.java:234)
	at java.base/jdk.internal.reflect.DirectMethodHandleAccessor.invoke(DirectMethodHandleAccessor.java:103)
	at java.base/java.lang.reflect.Method.invoke(Method.java:580)
	at org.junit.platform.commons.util.ReflectionUtils.invokeMethod(ReflectionUtils.java:725)
	at org.junit.jupiter.engine.execution.MethodInvocation.proceed(MethodInvocation.java:60)
	at org.junit.jupiter.engine.execution.InvocationInterceptorChain$ValidatingInvocation.proceed(InvocationInterceptorChain.java:131)
	at org.junit.jupiter.engine.extension.TimeoutExtension.intercept(TimeoutExtension.java:149)
	at org.junit.jupiter.engine.extension.TimeoutExtension.interceptTestableMethod(TimeoutExtension.java:140)
	at org.junit.jupiter.engine.extension.TimeoutExtension.interceptTestMethod(TimeoutExtension.java:84)
	at org.junit.jupiter.engine.execution.ExecutableInvoker$ReflectiveInterceptorCall.lambda$ofVoidMethod$0(ExecutableInvoker.java:115)
	at org.junit.jupiter.engine.execution.ExecutableInvoker.lambda$invoke$0(ExecutableInvoker.java:105)
	at org.junit.jupiter.engine.execution.InvocationInterceptorChain$InterceptedInvocation.proceed(InvocationInterceptorChain.java:106)
	at org.junit.jupiter.engine.execution.InvocationInterceptorChain.proceed(InvocationInterceptorChain.java:64)
	at org.junit.jupiter.engine.execution.InvocationInterceptorChain.chainAndInvoke(InvocationInterceptorChain.java:45)
	at org.junit.jupiter.engine.execution.InvocationInterceptorChain.invoke(InvocationInterceptorChain.java:37)
	at org.junit.jupiter.engine.execution.ExecutableInvoker.invoke(ExecutableInvoker.java:104)
	at org.junit.jupiter.engine.execution.ExecutableInvoker.invoke(ExecutableInvoker.java:98)
	at org.junit.jupiter.engine.descriptor.TestMethodTestDescriptor.lambda$invokeTestMethod$7(TestMethodTestDescriptor.java:214)
	at org.junit.platform.engine.support.hierarchical.ThrowableCollector.execute(ThrowableCollector.java:73)
	at org.junit.jupiter.engine.descriptor.TestMethodTestDescriptor.invokeTestMethod(TestMethodTestDescriptor.java:210)
	at org.junit.jupiter.engine.descriptor.TestMethodTestDescriptor.execute(TestMethodTestDescriptor.java:135)
	at org.junit.jupiter.engine.descriptor.TestMethodTestDescriptor.execute(TestMethodTestDescriptor.java:66)
	at org.junit.platform.engine.support.hierarchical.NodeTestTask.lambda$executeRecursively$6(NodeTestTask.java:151)
	at org.junit.platform.engine.support.hierarchical.ThrowableCollector.execute(ThrowableCollector.java:73)
	at org.junit.platform.engine.support.hierarchical.NodeTestTask.lambda$executeRecursively$8(NodeTestTask.java:141)
	at org.junit.platform.engine.support.hierarchical.Node.around(Node.java:137)
	at org.junit.platform.engine.support.hierarchical.NodeTestTask.lambda$executeRecursively$9(NodeTestTask.java:139)
	at org.junit.platform.engine.support.hierarchical.ThrowableCollector.execute(ThrowableCollector.java:73)
	at org.junit.platform.engine.support.hierarchical.NodeTestTask.executeRecursively(NodeTestTask.java:138)
	at org.junit.platform.engine.support.hierarchical.NodeTestTask.execute(NodeTestTask.java:95)
	at java.base/java.util.ArrayList.forEach(ArrayList.java:1596)
	at org.junit.platform.engine.support.hierarchical.SameThreadHierarchicalTestExecutorService.invokeAll(SameThreadHierarchicalTestExecutorService.java:41)
	at org.junit.platform.engine.support.hierarchical.NodeTestTask.lambda$executeRecursively$6(NodeTestTask.java:155)
	at org.junit.platform.engine.support.hierarchical.ThrowableCollector.execute(ThrowableCollector.java:73)
	at org.junit.platform.engine.support.hierarchical.NodeTestTask.lambda$executeRecursively$8(NodeTestTask.java:141)
	at org.junit.platform.engine.support.hierarchical.Node.around(Node.java:137)
	at org.junit.platform.engine.support.hierarchical.NodeTestTask.lambda$executeRecursively$9(NodeTestTask.java:139)
	at org.junit.platform.engine.support.hierarchical.ThrowableCollector.execute(ThrowableCollector.java:73)
	at org.junit.platform.engine.support.hierarchical.NodeTestTask.executeRecursively(NodeTestTask.java:138)
	at org.junit.platform.engine.support.hierarchical.NodeTestTask.execute(NodeTestTask.java:95)
	at java.base/java.util.ArrayList.forEach(ArrayList.java:1596)
	at org.junit.platform.engine.support.hierarchical.SameThreadHierarchicalTestExecutorService.invokeAll(SameThreadHierarchicalTestExecutorService.java:41)
	at org.junit.platform.engine.support.hierarchical.NodeTestTask.lambda$executeRecursively$6(NodeTestTask.java:155)
	at org.junit.platform.engine.support.hierarchical.ThrowableCollector.execute(ThrowableCollector.java:73)
	at org.junit.platform.engine.support.hierarchical.NodeTestTask.lambda$executeRecursively$8(NodeTestTask.java:141)
	at org.junit.platform.engine.support.hierarchical.Node.around(Node.java:137)
	at org.junit.platform.engine.support.hierarchical.NodeTestTask.lambda$executeRecursively$9(NodeTestTask.java:139)
	at org.junit.platform.engine.support.hierarchical.ThrowableCollector.execute(ThrowableCollector.java:73)
	at org.junit.platform.engine.support.hierarchical.NodeTestTask.executeRecursively(NodeTestTask.java:138)
	at org.junit.platform.engine.support.hierarchical.NodeTestTask.execute(NodeTestTask.java:95)
	at org.junit.platform.engine.support.hierarchical.SameThreadHierarchicalTestExecutorService.submit(SameThreadHierarchicalTestExecutorService.java:35)
	at org.junit.platform.engine.support.hierarchical.HierarchicalTestExecutor.execute(HierarchicalTestExecutor.java:57)
	at org.junit.platform.engine.support.hierarchical.HierarchicalTestEngine.execute(HierarchicalTestEngine.java:54)
	at org.junit.platform.launcher.core.EngineExecutionOrchestrator.execute(EngineExecutionOrchestrator.java:107)
	at org.junit.platform.launcher.core.EngineExecutionOrchestrator.execute(EngineExecutionOrchestrator.java:88)
	at org.junit.platform.launcher.core.EngineExecutionOrchestrator.lambda$execute$0(EngineExecutionOrchestrator.java:54)
	at org.junit.platform.launcher.core.EngineExecutionOrchestrator.withInterceptedStreams(EngineExecutionOrchestrator.java:67)
	at org.junit.platform.launcher.core.EngineExecutionOrchestrator.execute(EngineExecutionOrchestrator.java:52)
	at org.junit.platform.launcher.core.DefaultLauncher.execute(DefaultLauncher.java:114)
	at org.junit.platform.launcher.core.DefaultLauncher.execute(DefaultLauncher.java:86)
	at org.junit.platform.launcher.core.DefaultLauncherSession$DelegatingLauncher.execute(DefaultLauncherSession.java:86)
	at org.apache.maven.surefire.junitplatform.LazyLauncher.execute(LazyLauncher.java:56)
	at org.apache.maven.surefire.junitplatform.JUnitPlatformProvider.execute(JUnitPlatformProvider.java:184)
	at org.apache.maven.surefire.junitplatform.JUnitPlatformProvider.invokeAllTests(JUnitPlatformProvider.java:148)
	at org.apache.maven.surefire.junitplatform.JUnitPlatformProvider.invoke(JUnitPlatformProvider.java:122)
	at org.apache.maven.surefire.booter.ForkedBooter.runSuitesInProcess(ForkedBooter.java:385)
	at org.apache.maven.surefire.booter.ForkedBooter.execute(ForkedBooter.java:162)
	at org.apache.maven.surefire.booter.ForkedBooter.run(ForkedBooter.java:507)
	at org.apache.maven.surefire.booter.ForkedBooter.main(ForkedBooter.java:495)

[ERROR] org.tzi.use.plugins.jacamo.runtime.RuntimeFoundationTest.mirrorRejectsCallbackDeliveredAfterFailedInitialSynchronization -- Time elapsed: 0.234 s <<< FAILURE!
org.opentest4j.AssertionFailedError: a callback after its stream closes must not retain observer timing state ==> expected: <[event-1-SET_ATTRIBUTE]> but was: <[]>
	at org.junit.jupiter.api.AssertionUtils.fail(AssertionUtils.java:55)
	at org.junit.jupiter.api.AssertionUtils.failNotEqual(AssertionUtils.java:62)
	at org.junit.jupiter.api.AssertEquals.assertEquals(AssertEquals.java:182)
	at org.junit.jupiter.api.Assertions.assertEquals(Assertions.java:1152)
	at org.tzi.use.plugins.jacamo.runtime.RuntimeFoundationTest.mirrorRejectsCallbackDeliveredAfterFailedInitialSynchronization(RuntimeFoundationTest.java:420)
	at java.base/jdk.internal.reflect.DirectMethodHandleAccessor.invoke(DirectMethodHandleAccessor.java:103)
	at java.base/java.lang.reflect.Method.invoke(Method.java:580)
	at org.junit.platform.commons.util.ReflectionUtils.invokeMethod(ReflectionUtils.java:725)
	at org.junit.jupiter.engine.execution.MethodInvocation.proceed(MethodInvocation.java:60)
	at org.junit.jupiter.engine.execution.InvocationInterceptorChain$ValidatingInvocation.proceed(InvocationInterceptorChain.java:131)
	at org.junit.jupiter.engine.extension.TimeoutExtension.intercept(TimeoutExtension.java:149)
	at org.junit.jupiter.engine.extension.TimeoutExtension.interceptTestableMethod(TimeoutExtension.java:140)
	at org.junit.jupiter.engine.extension.TimeoutExtension.interceptTestMethod(TimeoutExtension.java:84)
	at org.junit.jupiter.engine.execution.ExecutableInvoker$ReflectiveInterceptorCall.lambda$ofVoidMethod$0(ExecutableInvoker.java:115)
	at org.junit.jupiter.engine.execution.ExecutableInvoker.lambda$invoke$0(ExecutableInvoker.java:105)
	at org.junit.jupiter.engine.execution.InvocationInterceptorChain$InterceptedInvocation.proceed(InvocationInterceptorChain.java:106)
	at org.junit.jupiter.engine.execution.InvocationInterceptorChain.proceed(InvocationInterceptorChain.java:64)
	at org.junit.jupiter.engine.execution.InvocationInterceptorChain.chainAndInvoke(InvocationInterceptorChain.java:45)
	at org.junit.jupiter.engine.execution.InvocationInterceptorChain.invoke(InvocationInterceptorChain.java:37)
	at org.junit.jupiter.engine.execution.ExecutableInvoker.invoke(ExecutableInvoker.java:104)
	at org.junit.jupiter.engine.execution.ExecutableInvoker.invoke(ExecutableInvoker.java:98)
	at org.junit.jupiter.engine.descriptor.TestMethodTestDescriptor.lambda$invokeTestMethod$7(TestMethodTestDescriptor.java:214)
	at org.junit.platform.engine.support.hierarchical.ThrowableCollector.execute(ThrowableCollector.java:73)
	at org.junit.jupiter.engine.descriptor.TestMethodTestDescriptor.invokeTestMethod(TestMethodTestDescriptor.java:210)
	at org.junit.jupiter.engine.descriptor.TestMethodTestDescriptor.execute(TestMethodTestDescriptor.java:135)
	at org.junit.jupiter.engine.descriptor.TestMethodTestDescriptor.execute(TestMethodTestDescriptor.java:66)
	at org.junit.platform.engine.support.hierarchical.NodeTestTask.lambda$executeRecursively$6(NodeTestTask.java:151)
	at org.junit.platform.engine.support.hierarchical.ThrowableCollector.execute(ThrowableCollector.java:73)
	at org.junit.platform.engine.support.hierarchical.NodeTestTask.lambda$executeRecursively$8(NodeTestTask.java:141)
	at org.junit.platform.engine.support.hierarchical.Node.around(Node.java:137)
	at org.junit.platform.engine.support.hierarchical.NodeTestTask.lambda$executeRecursively$9(NodeTestTask.java:139)
	at org.junit.platform.engine.support.hierarchical.ThrowableCollector.execute(ThrowableCollector.java:73)
	at org.junit.platform.engine.support.hierarchical.NodeTestTask.executeRecursively(NodeTestTask.java:138)
	at org.junit.platform.engine.support.hierarchical.NodeTestTask.execute(NodeTestTask.java:95)
	at java.base/java.util.ArrayList.forEach(ArrayList.java:1596)
	at org.junit.platform.engine.support.hierarchical.SameThreadHierarchicalTestExecutorService.invokeAll(SameThreadHierarchicalTestExecutorService.java:41)
	at org.junit.platform.engine.support.hierarchical.NodeTestTask.lambda$executeRecursively$6(NodeTestTask.java:155)
	at org.junit.platform.engine.support.hierarchical.ThrowableCollector.execute(ThrowableCollector.java:73)
	at org.junit.platform.engine.support.hierarchical.NodeTestTask.lambda$executeRecursively$8(NodeTestTask.java:141)
	at org.junit.platform.engine.support.hierarchical.Node.around(Node.java:137)
	at org.junit.platform.engine.support.hierarchical.NodeTestTask.lambda$executeRecursively$9(NodeTestTask.java:139)
	at org.junit.platform.engine.support.hierarchical.ThrowableCollector.execute(ThrowableCollector.java:73)
	at org.junit.platform.engine.support.hierarchical.NodeTestTask.executeRecursively(NodeTestTask.java:138)
	at org.junit.platform.engine.support.hierarchical.NodeTestTask.execute(NodeTestTask.java:95)
	at java.base/java.util.ArrayList.forEach(ArrayList.java:1596)
	at org.junit.platform.engine.support.hierarchical.SameThreadHierarchicalTestExecutorService.invokeAll(SameThreadHierarchicalTestExecutorService.java:41)
	at org.junit.platform.engine.support.hierarchical.NodeTestTask.lambda$executeRecursively$6(NodeTestTask.java:155)
	at org.junit.platform.engine.support.hierarchical.ThrowableCollector.execute(ThrowableCollector.java:73)
	at org.junit.platform.engine.support.hierarchical.NodeTestTask.lambda$executeRecursively$8(NodeTestTask.java:141)
	at org.junit.platform.engine.support.hierarchical.Node.around(Node.java:137)
	at org.junit.platform.engine.support.hierarchical.NodeTestTask.lambda$executeRecursively$9(NodeTestTask.java:139)
	at org.junit.platform.engine.support.hierarchical.ThrowableCollector.execute(ThrowableCollector.java:73)
	at org.junit.platform.engine.support.hierarchical.NodeTestTask.executeRecursively(NodeTestTask.java:138)
	at org.junit.platform.engine.support.hierarchical.NodeTestTask.execute(NodeTestTask.java:95)
	at org.junit.platform.engine.support.hierarchical.SameThreadHierarchicalTestExecutorService.submit(SameThreadHierarchicalTestExecutorService.java:35)
	at org.junit.platform.engine.support.hierarchical.HierarchicalTestExecutor.execute(HierarchicalTestExecutor.java:57)
	at org.junit.platform.engine.support.hierarchical.HierarchicalTestEngine.execute(HierarchicalTestEngine.java:54)
	at org.junit.platform.launcher.core.EngineExecutionOrchestrator.execute(EngineExecutionOrchestrator.java:107)
	at org.junit.platform.launcher.core.EngineExecutionOrchestrator.execute(EngineExecutionOrchestrator.java:88)
	at org.junit.platform.launcher.core.EngineExecutionOrchestrator.lambda$execute$0(EngineExecutionOrchestrator.java:54)
	at org.junit.platform.launcher.core.EngineExecutionOrchestrator.withInterceptedStreams(EngineExecutionOrchestrator.java:67)
	at org.junit.platform.launcher.core.EngineExecutionOrchestrator.execute(EngineExecutionOrchestrator.java:52)
	at org.junit.platform.launcher.core.DefaultLauncher.execute(DefaultLauncher.java:114)
	at org.junit.platform.launcher.core.DefaultLauncher.execute(DefaultLauncher.java:86)
	at org.junit.platform.launcher.core.DefaultLauncherSession$DelegatingLauncher.execute(DefaultLauncherSession.java:86)
	at org.apache.maven.surefire.junitplatform.LazyLauncher.execute(LazyLauncher.java:56)
	at org.apache.maven.surefire.junitplatform.JUnitPlatformProvider.execute(JUnitPlatformProvider.java:184)
	at org.apache.maven.surefire.junitplatform.JUnitPlatformProvider.invokeAllTests(JUnitPlatformProvider.java:148)
	at org.apache.maven.surefire.junitplatform.JUnitPlatformProvider.invoke(JUnitPlatformProvider.java:122)
	at org.apache.maven.surefire.booter.ForkedBooter.runSuitesInProcess(ForkedBooter.java:385)
	at org.apache.maven.surefire.booter.ForkedBooter.execute(ForkedBooter.java:162)
	at org.apache.maven.surefire.booter.ForkedBooter.run(ForkedBooter.java:507)
	at org.apache.maven.surefire.booter.ForkedBooter.main(ForkedBooter.java:495)

[INFO] Running org.tzi.use.plugins.jacamo.semantic.SemanticIdTest
[INFO] Tests run: 4, Failures: 0, Errors: 0, Skipped: 0, Time elapsed: 0.020 s -- in org.tzi.use.plugins.jacamo.semantic.SemanticIdTest
[INFO] Running org.tzi.use.plugins.jacamo.semantic.SemanticModelTest
[INFO] Tests run: 3, Failures: 0, Errors: 0, Skipped: 0, Time elapsed: 0.065 s -- in org.tzi.use.plugins.jacamo.semantic.SemanticModelTest
[INFO] Running org.tzi.use.plugins.jacamo.trace.TraceBindingTest
[INFO] Tests run: 4, Failures: 0, Errors: 0, Skipped: 0, Time elapsed: 0.308 s -- in org.tzi.use.plugins.jacamo.trace.TraceBindingTest
[INFO] Running org.tzi.use.plugins.jacamo.ui.JaCaMoWorkbenchPanelTest
[INFO] Tests run: 7, Failures: 0, Errors: 0, Skipped: 0, Time elapsed: 0.748 s -- in org.tzi.use.plugins.jacamo.ui.JaCaMoWorkbenchPanelTest
[INFO] Running org.tzi.use.plugins.jacamo.verification.OfflineVerificationServiceTest
[INFO] Tests run: 4, Failures: 0, Errors: 0, Skipped: 0, Time elapsed: 0.739 s -- in org.tzi.use.plugins.jacamo.verification.OfflineVerificationServiceTest
[INFO] Running org.tzi.use.plugins.jacamo.verification.profile.VerificationSemanticLayerTest
[INFO] Tests run: 1, Failures: 0, Errors: 0, Skipped: 0, Time elapsed: 0.162 s -- in org.tzi.use.plugins.jacamo.verification.profile.VerificationSemanticLayerTest
[INFO] Running org.tzi.use.plugins.jacamo.verification.RuntimeVerificationEngineTest
PHASE13_RUNTIME eventToResult=394700ns
[INFO] Tests run: 14, Failures: 0, Errors: 0, Skipped: 0, Time elapsed: 2.390 s -- in org.tzi.use.plugins.jacamo.verification.RuntimeVerificationEngineTest
[INFO] 
[INFO] Results:
[INFO] 
[ERROR] Failures: 
[ERROR]   RuntimeFoundationTest.mirrorRejectsCallbackDeliveredAfterFailedInitialSynchronization:420 a callback after its stream closes must not retain observer timing state ==> expected: <[event-1-SET_ATTRIBUTE]> but was: <[]>
[ERROR]   RuntimeFoundationTest.mirrorReportsOrderingAndShutdownRejectionsAndClosesTimingLifecycle:234 expected: <[event-1-SET_ATTRIBUTE, event-3-SET_ATTRIBUTE]> but was: <[event-1-SET_ATTRIBUTE]>
[INFO] 
[ERROR] Tests run: 124, Failures: 2, Errors: 0, Skipped: 0
[INFO] 
[INFO] ------------------------------------------------------------------------
[INFO] Reactor Summary:
[INFO] 
[INFO] use 7.5.0 .......................................... SUCCESS [  0.168 s]
[INFO] use-core 7.5.0 ..................................... SUCCESS [ 35.123 s]
[INFO] use-gui 7.5.0 ...................................... SUCCESS [01:01 min]
[INFO] use-assembly 7.5.0 ................................. SUCCESS [ 13.000 s]
[INFO] USE JaCaMo Plugin 1.0.1 ............................ FAILURE [ 36.056 s]
[INFO] ------------------------------------------------------------------------
[INFO] BUILD FAILURE
[INFO] ------------------------------------------------------------------------
[INFO] Total time:  02:26 min
[INFO] Finished at: 2026-09-18T01:53:04+07:00
[INFO] ------------------------------------------------------------------------
[ERROR] Failed to execute goal org.apache.maven.plugins:maven-surefire-plugin:3.2.5:test (default-test) on project use-plugin: There are test failures.
[ERROR] 
[ERROR] Please refer to D:\_CODE_BANK\Project_\08_Thesis\use\use-plugin\target\surefire-reports for the individual test results.
[ERROR] Please refer to dump files (if any exist) [date].dump, [date]-jvmRun[N].dump and [date].dumpstream.
[ERROR] -> [Help 1]
[ERROR] 
[ERROR] To see the full stack trace of the errors, re-run Maven with the -e switch.
[ERROR] Re-run Maven using the -X switch to enable full debug logging.
[ERROR] 
[ERROR] For more information about the errors and possible solutions, please read the following articles:
[ERROR] [Help 1] http://cwiki.apache.org/confluence/display/MAVEN/MojoFailureException
[ERROR] 
[ERROR] After correcting the problems, you can resume the build with the command
[ERROR]   mvn <args> -rf :use-plugin
