[INFO] Scanning for projects...
[INFO] 
[INFO] -----------------------< org.tzi.use:use-plugin >-----------------------
[INFO] Building USE JaCaMo Plugin 1.0.1
[INFO]   from pom.xml
[INFO] --------------------------------[ jar ]---------------------------------
[INFO] 
[INFO] --- resources:3.3.1:resources (default-resources) @ use-plugin ---
[INFO] Copying 11 resources from src\main\resources to target\classes
[INFO] Copying 1 resource from Core\Metamodel to target\classes\org\tzi\use\plugins\jacamo\canonical
[INFO] Copying 3 resources from Core\Mapping to target\classes\org\tzi\use\plugins\jacamo\canonical
[INFO] Copying 1 resource from release to target\classes\org\tzi\use\plugins\jacamo\release
[INFO] Copying 1 resource from  to target\classes\org\tzi\use\plugins\jacamo\release
[INFO] Copying 2 resources from licenses to target\classes\org\tzi\use\plugins\jacamo\release\licenses
[INFO] 
[INFO] --- compiler:3.15.0:compile (default-compile) @ use-plugin ---
[INFO] Nothing to compile - all classes are up to date.
[INFO] 
[INFO] --- resources:3.3.1:testResources (default-testResources) @ use-plugin ---
[INFO] Copying 18 resources from src\test\resources to target\test-classes
[INFO] 
[INFO] --- compiler:3.15.0:testCompile (default-testCompile) @ use-plugin ---
[INFO] Nothing to compile - all classes are up to date.
[INFO] 
[INFO] --- surefire:3.2.5:test (default-test) @ use-plugin ---
[INFO] Using auto detected provider org.apache.maven.surefire.junitplatform.JUnitPlatformProvider
[INFO] 
[INFO] -------------------------------------------------------
[INFO]  T E S T S
[INFO] -------------------------------------------------------
[INFO] Running org.tzi.use.plugins.jacamo.runtime.CartagoRuntimeConnectorTest
[Basic logger ] At 1789908590558 artifact body_useMonitor2ac9c74a09bf4d949bfa77385138cd3a type: cartago.AgentBodyArtifact has been created by useMonitor2ac9c74a09bf4d949bfa77385138cd3a
[Basic logger ] At 1789908590566 artifact body_useMonitor2ac9c74a09bf4d949bfa77385138cd3a focussed by useMonitor2ac9c74a09bf4d949bfa77385138cd3a
[Basic logger ] At 1789908590566 agent useMonitor2ac9c74a09bf4d949bfa77385138cd3a joined the workspace.
[Basic logger ] At 1789908590577 new percept generated about artifact session_useMonitor2ac9c74a09bf4d949bfa77385138cd3a added properties: [Lcartago.ArtifactObsProperty;@201a4587
[Basic logger ] At 1789908590578 artifact session_useMonitor2ac9c74a09bf4d949bfa77385138cd3a type: cartago.AgentSessionArtifact has been created by useMonitor2ac9c74a09bf4d949bfa77385138cd3a
[Basic logger ] At 1789908590578 artifact session_useMonitor2ac9c74a09bf4d949bfa77385138cd3a focussed by useMonitor2ac9c74a09bf4d949bfa77385138cd3a
[Basic logger ] At 1789908590605 operation ( makeArtifact auction2ac9c74a09bf4d949bfa77385138cd3a org.tzi.use.plugins.jacamo.runtime.TestAuctionArtifact [Ljava.lang.Object;@4c1909a3 cartago.OpFeedbackParam@428640fa ) requested in artifact workspace by agent useMonitor2ac9c74a09bf4d949bfa77385138cd3a 
[Basic logger ] At 1789908590607 operation ( makeArtifact auction2ac9c74a09bf4d949bfa77385138cd3a org.tzi.use.plugins.jacamo.runtime.TestAuctionArtifact [Ljava.lang.Object;@4c1909a3 cartago.OpFeedbackParam@428640fa ) started in artifact workspace
[Basic logger ] At 1789908590610 new percept generated about artifact auction2ac9c74a09bf4d949bfa77385138cd3a added properties: [Lcartago.ArtifactObsProperty;@25f6a439
[Basic logger ] At 1789908590641 artifact auction2ac9c74a09bf4d949bfa77385138cd3a type: org.tzi.use.plugins.jacamo.runtime.TestAuctionArtifact has been created by useMonitor2ac9c74a09bf4d949bfa77385138cd3a
[Basic logger ] At 1789908590641 new percept generated about artifact workspace added properties: [Lcartago.ArtifactObsProperty;@7d54462c
[Basic logger ] At 1789908590641 operation ( makeArtifact auction2ac9c74a09bf4d949bfa77385138cd3a org.tzi.use.plugins.jacamo.runtime.TestAuctionArtifact [Ljava.lang.Object;@4c1909a3 cartago.OpFeedbackParam@428640fa ) completed in artifact workspace
[Basic logger ] At 1789908590658 operation ( closeAuction ) requested in artifact auction2ac9c74a09bf4d949bfa77385138cd3a by agent useMonitor2ac9c74a09bf4d949bfa77385138cd3a 
[Basic logger ] At 1789908590659 operation ( closeAuction ) started in artifact auction2ac9c74a09bf4d949bfa77385138cd3a
[Basic logger ] At 1789908590663 new percept generated about artifact auction2ac9c74a09bf4d949bfa77385138cd3a changed properties: [Lcartago.ArtifactObsProperty;@65ac3e74
[Basic logger ] At 1789908590664 operation ( closeAuction ) completed in artifact auction2ac9c74a09bf4d949bfa77385138cd3a
[Basic logger ] At 1789908590664 operation ( placeBid item1 10 ) requested in artifact auction2ac9c74a09bf4d949bfa77385138cd3a by agent useMonitor2ac9c74a09bf4d949bfa77385138cd3a 
[Basic logger ] At 1789908590664 operation ( placeBid item1 10 ) started in artifact auction2ac9c74a09bf4d949bfa77385138cd3a
[Basic logger ] At 1789908590670 new percept generated about artifact auction2ac9c74a09bf4d949bfa77385138cd3a signal: bid(item1,10) 
[Basic logger ] At 1789908590671 operation ( placeBid item1 10 ) completed in artifact auction2ac9c74a09bf4d949bfa77385138cd3a
[Basic logger ] At 1789908590672 operation ( placeBid item1 0 ) requested in artifact auction2ac9c74a09bf4d949bfa77385138cd3a by agent useMonitor2ac9c74a09bf4d949bfa77385138cd3a 
[Basic logger ] At 1789908590672 operation ( placeBid item1 0 ) started in artifact auction2ac9c74a09bf4d949bfa77385138cd3a
[Basic logger ] At 1789908590673 operation ( placeBid item1 0 ) failed in artifact auction2ac9c74a09bf4d949bfa77385138cd3a - msg:amount must be positive desc:null
[Basic logger ] At 1789908590676 operation ( removeOpen ) requested in artifact auction2ac9c74a09bf4d949bfa77385138cd3a by agent useMonitor2ac9c74a09bf4d949bfa77385138cd3a 
[Basic logger ] At 1789908590676 operation ( removeOpen ) started in artifact auction2ac9c74a09bf4d949bfa77385138cd3a
[Basic logger ] At 1789908590677 new percept generated about artifact auction2ac9c74a09bf4d949bfa77385138cd3a removed properties: [Lcartago.ArtifactObsProperty;@572bc059
[Basic logger ] At 1789908590677 operation ( removeOpen ) completed in artifact auction2ac9c74a09bf4d949bfa77385138cd3a
[Basic logger ] At 1789908590681 artifact auction2ac9c74a09bf4d949bfa77385138cd3a has been disposed by null
[Basic logger ] At 1789908590682 operation ( makeArtifact unbound2ac9c74a09bf4d949bfa77385138cd3a org.tzi.use.plugins.jacamo.runtime.TestAuctionArtifact [Ljava.lang.Object;@4686afc2 cartago.OpFeedbackParam@1e0b4072 ) requested in artifact workspace by agent useMonitor2ac9c74a09bf4d949bfa77385138cd3a 
[Basic logger ] At 1789908590682 operation ( makeArtifact unbound2ac9c74a09bf4d949bfa77385138cd3a org.tzi.use.plugins.jacamo.runtime.TestAuctionArtifact [Ljava.lang.Object;@4686afc2 cartago.OpFeedbackParam@1e0b4072 ) started in artifact workspace
[Basic logger ] At 1789908590682 new percept generated about artifact unbound2ac9c74a09bf4d949bfa77385138cd3a added properties: [Lcartago.ArtifactObsProperty;@41e4e47b
[Basic logger ] At 1789908590683 artifact unbound2ac9c74a09bf4d949bfa77385138cd3a type: org.tzi.use.plugins.jacamo.runtime.TestAuctionArtifact has been created by useMonitor2ac9c74a09bf4d949bfa77385138cd3a
[Basic logger ] At 1789908590683 new percept generated about artifact workspace added properties: [Lcartago.ArtifactObsProperty;@4f230237
[Basic logger ] At 1789908590683 operation ( makeArtifact unbound2ac9c74a09bf4d949bfa77385138cd3a org.tzi.use.plugins.jacamo.runtime.TestAuctionArtifact [Ljava.lang.Object;@4686afc2 cartago.OpFeedbackParam@1e0b4072 ) completed in artifact workspace
[Basic logger ] At 1789908590684 artifact unbound2ac9c74a09bf4d949bfa77385138cd3a has been disposed by null
[INFO] Tests run: 2, Failures: 0, Errors: 0, Skipped: 0, Time elapsed: 0.345 s -- in org.tzi.use.plugins.jacamo.runtime.CartagoRuntimeConnectorTest
[INFO] Running org.tzi.use.plugins.jacamo.runtime.CounterTeamIntegrationTest
SLF4J(W): No SLF4J providers were found.
SLF4J(W): Defaulting to no-operation (NOP) logger implementation
SLF4J(W): See https://www.slf4j.org/codes.html#noProviders for further details.
PHASE24_COUNTER elapsedNanos=4463315300 events=33
[INFO] Tests run: 1, Failures: 0, Errors: 0, Skipped: 0, Time elapsed: 4.483 s -- in org.tzi.use.plugins.jacamo.runtime.CounterTeamIntegrationTest
[INFO] Running org.tzi.use.plugins.jacamo.runtime.JasonRuntimeConnectorTest
[INFO] Tests run: 1, Failures: 0, Errors: 0, Skipped: 0, Time elapsed: 0.015 s -- in org.tzi.use.plugins.jacamo.runtime.JasonRuntimeConnectorTest
[INFO] Running org.tzi.use.plugins.jacamo.runtime.LiveJaCaMoAuctionIntegrationTest
[INFO] Tests run: 1, Failures: 0, Errors: 0, Skipped: 0, Time elapsed: 1.835 s -- in org.tzi.use.plugins.jacamo.runtime.LiveJaCaMoAuctionIntegrationTest
[INFO] Running org.tzi.use.plugins.jacamo.runtime.MoiseBoardSnapshotSourceTest
[INFO] Tests run: 2, Failures: 0, Errors: 0, Skipped: 0, Time elapsed: 0.044 s -- in org.tzi.use.plugins.jacamo.runtime.MoiseBoardSnapshotSourceTest
[INFO] Running org.tzi.use.plugins.jacamo.runtime.MoiseRuntimeConnectorTest
[INFO] Tests run: 1, Failures: 0, Errors: 0, Skipped: 0, Time elapsed: 0.023 s -- in org.tzi.use.plugins.jacamo.runtime.MoiseRuntimeConnectorTest
[INFO] Running org.tzi.use.plugins.jacamo.runtime.RuntimeFoundationTest
PHASE27_RUNTIME eventToMirror=326100ns depth=0 highWatermark=1
[INFO] Tests run: 23, Failures: 0, Errors: 0, Skipped: 0, Time elapsed: 3.925 s -- in org.tzi.use.plugins.jacamo.runtime.RuntimeFoundationTest
[INFO] Running org.tzi.use.plugins.jacamo.runtime.RuntimeIdentityHardeningTest
[INFO] Tests run: 2, Failures: 0, Errors: 0, Skipped: 0, Time elapsed: 0.008 s -- in org.tzi.use.plugins.jacamo.runtime.RuntimeIdentityHardeningTest
[INFO] 
[INFO] Results:
[INFO] 
[INFO] Tests run: 33, Failures: 0, Errors: 0, Skipped: 0
[INFO] 
[INFO] ------------------------------------------------------------------------
[INFO] BUILD SUCCESS
[INFO] ------------------------------------------------------------------------
[INFO] Total time:  29.776 s
[INFO] Finished at: 2026-09-20T19:50:01+07:00
[INFO] ------------------------------------------------------------------------
