[INFO] Scanning for projects...
[INFO] 
[INFO] -----------------------< org.tzi.use:use-plugin >-----------------------
[INFO] Building USE JaCaMo Plugin 1.0.1
[INFO]   from pom.xml
[INFO] --------------------------------[ jar ]---------------------------------
[INFO] 
[INFO] --- resources:3.3.1:resources (default-resources) @ use-plugin ---
[INFO] Copying 11 resources from src\main\resources to target\classes
[INFO] Copying 1 resource from Core\Metamodel to target\classes\org\tzi\use\plugins\jacamo\canonical
[INFO] Copying 3 resources from Core\Mapping to target\classes\org\tzi\use\plugins\jacamo\canonical
[INFO] Copying 1 resource from release to target\classes\org\tzi\use\plugins\jacamo\release
[INFO] Copying 1 resource from  to target\classes\org\tzi\use\plugins\jacamo\release
[INFO] Copying 2 resources from licenses to target\classes\org\tzi\use\plugins\jacamo\release\licenses
[INFO] 
[INFO] --- compiler:3.15.0:compile (default-compile) @ use-plugin ---
[INFO] Recompiling the module because of changed source code.
[INFO] Compiling 150 source files with javac [debug target 21] to target\classes
[INFO] /D:/_CODE_BANK/Project_/08_Thesis/use/use-plugin/src/main/java/org/tzi/use/plugins/jacamo/materialization/DirectUseBackend.java: D:\_CODE_BANK\Project_\08_Thesis\use\use-plugin\src\main\java\org\tzi\use\plugins\jacamo\materialization\DirectUseBackend.java uses or overrides a deprecated API.
[INFO] /D:/_CODE_BANK/Project_/08_Thesis/use/use-plugin/src/main/java/org/tzi/use/plugins/jacamo/materialization/DirectUseBackend.java: Recompile with -Xlint:deprecation for details.
[INFO] 
[INFO] --- resources:3.3.1:testResources (default-testResources) @ use-plugin ---
[INFO] Copying 18 resources from src\test\resources to target\test-classes
[INFO] 
[INFO] --- compiler:3.15.0:testCompile (default-testCompile) @ use-plugin ---
[INFO] Recompiling the module because of changed dependency.
[INFO] Compiling 47 source files with javac [debug target 21] to target\test-classes
[INFO] /D:/_CODE_BANK/Project_/08_Thesis/use/use-plugin/src/test/java/org/tzi/use/plugins/jacamo/runtime/AuctionSourceRuntime.java: Some input files use or override a deprecated API.
[INFO] /D:/_CODE_BANK/Project_/08_Thesis/use/use-plugin/src/test/java/org/tzi/use/plugins/jacamo/runtime/AuctionSourceRuntime.java: Recompile with -Xlint:deprecation for details.
[INFO] /D:/_CODE_BANK/Project_/08_Thesis/use/use-plugin/src/test/java/org/tzi/use/plugins/jacamo/runtime/RuntimeIdentityHardeningTest.java: D:\_CODE_BANK\Project_\08_Thesis\use\use-plugin\src\test\java\org\tzi\use\plugins\jacamo\runtime\RuntimeIdentityHardeningTest.java uses unchecked or unsafe operations.
[INFO] /D:/_CODE_BANK/Project_/08_Thesis/use/use-plugin/src/test/java/org/tzi/use/plugins/jacamo/runtime/RuntimeIdentityHardeningTest.java: Recompile with -Xlint:unchecked for details.
[INFO] 
[INFO] --- surefire:3.2.5:test (default-test) @ use-plugin ---
[INFO] Using auto detected provider org.apache.maven.surefire.junitplatform.JUnitPlatformProvider
[INFO] 
[INFO] -------------------------------------------------------
[INFO]  T E S T S
[INFO] -------------------------------------------------------
[INFO] Running org.tzi.use.plugins.jacamo.CompatibilityManifestTest
[INFO] Tests run: 1, Failures: 0, Errors: 0, Skipped: 0, Time elapsed: 0.254 s -- in org.tzi.use.plugins.jacamo.CompatibilityManifestTest
[INFO] Running org.tzi.use.plugins.jacamo.constraint.ConstraintClosureTest
SLF4J(W): No SLF4J providers were found.
SLF4J(W): Defaulting to no-operation (NOP) logger implementation
SLF4J(W): See https://www.slf4j.org/codes.html#noProviders for further details.
[INFO] Tests run: 4, Failures: 0, Errors: 0, Skipped: 0, Time elapsed: 2.639 s -- in org.tzi.use.plugins.jacamo.constraint.ConstraintClosureTest
[INFO] Running org.tzi.use.plugins.jacamo.constraint.ConstraintOclTest
[INFO] Tests run: 7, Failures: 0, Errors: 0, Skipped: 0, Time elapsed: 1.010 s -- in org.tzi.use.plugins.jacamo.constraint.ConstraintOclTest
[INFO] Running org.tzi.use.plugins.jacamo.DefaultJaCaMoFacadeTest
PHASE13_PERFORMANCE import=171932600ns generation=39719900ns fullCheck=471600ns memory=25919744B maxMemory=4219469824B
[INFO] Tests run: 11, Failures: 0, Errors: 0, Skipped: 0, Time elapsed: 2.231 s -- in org.tzi.use.plugins.jacamo.DefaultJaCaMoFacadeTest
[INFO] Running org.tzi.use.plugins.jacamo.evidence.EvidenceNormalizerTest
[INFO] Tests run: 2, Failures: 0, Errors: 0, Skipped: 0, Time elapsed: 0.008 s -- in org.tzi.use.plugins.jacamo.evidence.EvidenceNormalizerTest
[INFO] Running org.tzi.use.plugins.jacamo.evidence.EvidenceSourceCommitTest
[INFO] Tests run: 1, Failures: 0, Errors: 0, Skipped: 0, Time elapsed: 0.460 s -- in org.tzi.use.plugins.jacamo.evidence.EvidenceSourceCommitTest
[INFO] Running org.tzi.use.plugins.jacamo.extraction.StaticProjectImporterTest
[INFO] Tests run: 9, Failures: 0, Errors: 0, Skipped: 0, Time elapsed: 2.312 s -- in org.tzi.use.plugins.jacamo.extraction.StaticProjectImporterTest
[INFO] Running org.tzi.use.plugins.jacamo.GoldenPipelineTest
[INFO] Tests run: 1, Failures: 0, Errors: 0, Skipped: 0, Time elapsed: 0.879 s -- in org.tzi.use.plugins.jacamo.GoldenPipelineTest
[INFO] Running org.tzi.use.plugins.jacamo.HotfixBindingTest
[INFO] Tests run: 1, Failures: 0, Errors: 0, Skipped: 0, Time elapsed: 1.877 s -- in org.tzi.use.plugins.jacamo.HotfixBindingTest
[INFO] Running org.tzi.use.plugins.jacamo.HotfixLifecycleTest
[INFO] Tests run: 4, Failures: 0, Errors: 0, Skipped: 0, Time elapsed: 1.563 s -- in org.tzi.use.plugins.jacamo.HotfixLifecycleTest
[INFO] Running org.tzi.use.plugins.jacamo.JaCaMoPluginTest
[INFO] Tests run: 4, Failures: 0, Errors: 0, Skipped: 0, Time elapsed: 0.348 s -- in org.tzi.use.plugins.jacamo.JaCaMoPluginTest
[INFO] Running org.tzi.use.plugins.jacamo.mapping.MappingTransformationTest
[INFO] Tests run: 10, Failures: 0, Errors: 0, Skipped: 0, Time elapsed: 0.640 s -- in org.tzi.use.plugins.jacamo.mapping.MappingTransformationTest
[INFO] Running org.tzi.use.plugins.jacamo.materialization.InstanceMaterializationTest
[INFO] Tests run: 2, Failures: 0, Errors: 0, Skipped: 0, Time elapsed: 0.271 s -- in org.tzi.use.plugins.jacamo.materialization.InstanceMaterializationTest
[INFO] Running org.tzi.use.plugins.jacamo.project.JcmProjectLoaderTest
[INFO] Tests run: 11, Failures: 0, Errors: 0, Skipped: 0, Time elapsed: 0.183 s -- in org.tzi.use.plugins.jacamo.project.JcmProjectLoaderTest
[INFO] Running org.tzi.use.plugins.jacamo.project.ProjectModelTest
[INFO] Tests run: 3, Failures: 0, Errors: 0, Skipped: 0, Time elapsed: 0.013 s -- in org.tzi.use.plugins.jacamo.project.ProjectModelTest
[INFO] Running org.tzi.use.plugins.jacamo.release.ReleasePackageContractTest
[INFO] Tests run: 1, Failures: 0, Errors: 0, Skipped: 0, Time elapsed: 0.003 s -- in org.tzi.use.plugins.jacamo.release.ReleasePackageContractTest
[INFO] Running org.tzi.use.plugins.jacamo.runtime.AuctionSourceRuntimeTest
[INFO] Tests run: 1, Failures: 0, Errors: 0, Skipped: 0, Time elapsed: 0.828 s -- in org.tzi.use.plugins.jacamo.runtime.AuctionSourceRuntimeTest
[INFO] Running org.tzi.use.plugins.jacamo.runtime.CartagoRuntimeConnectorTest
[Basic logger ] At 1789909361362 artifact body_useMonitorcce51153469740518f5ab145fd8b1bc5 type: cartago.AgentBodyArtifact has been created by useMonitorcce51153469740518f5ab145fd8b1bc5
[Basic logger ] At 1789909361363 artifact body_useMonitorcce51153469740518f5ab145fd8b1bc5 focussed by useMonitorcce51153469740518f5ab145fd8b1bc5
[Basic logger ] At 1789909361363 agent useMonitorcce51153469740518f5ab145fd8b1bc5 joined the workspace.
[Basic logger ] At 1789909361363 new percept generated about artifact session_useMonitorcce51153469740518f5ab145fd8b1bc5 added properties: [Lcartago.ArtifactObsProperty;@674f6286
[Basic logger ] At 1789909361363 artifact session_useMonitorcce51153469740518f5ab145fd8b1bc5 type: cartago.AgentSessionArtifact has been created by useMonitorcce51153469740518f5ab145fd8b1bc5
[Basic logger ] At 1789909361363 artifact session_useMonitorcce51153469740518f5ab145fd8b1bc5 focussed by useMonitorcce51153469740518f5ab145fd8b1bc5
[Basic logger ] At 1789909361365 operation ( makeArtifact auctioncce51153469740518f5ab145fd8b1bc5 org.tzi.use.plugins.jacamo.runtime.TestAuctionArtifact [Ljava.lang.Object;@1c215c31 cartago.OpFeedbackParam@7dabc2f9 ) requested in artifact workspace by agent useMonitorcce51153469740518f5ab145fd8b1bc5 
[Basic logger ] At 1789909361365 operation ( makeArtifact auctioncce51153469740518f5ab145fd8b1bc5 org.tzi.use.plugins.jacamo.runtime.TestAuctionArtifact [Ljava.lang.Object;@1c215c31 cartago.OpFeedbackParam@7dabc2f9 ) started in artifact workspace
[Basic logger ] At 1789909361365 new percept generated about artifact auctioncce51153469740518f5ab145fd8b1bc5 added properties: [Lcartago.ArtifactObsProperty;@6e843b1c
[Basic logger ] At 1789909361369 artifact auctioncce51153469740518f5ab145fd8b1bc5 type: org.tzi.use.plugins.jacamo.runtime.TestAuctionArtifact has been created by useMonitorcce51153469740518f5ab145fd8b1bc5
[Basic logger ] At 1789909361369 new percept generated about artifact workspace added properties: [Lcartago.ArtifactObsProperty;@6e9b6fd1
[Basic logger ] At 1789909361369 operation ( makeArtifact auctioncce51153469740518f5ab145fd8b1bc5 org.tzi.use.plugins.jacamo.runtime.TestAuctionArtifact [Ljava.lang.Object;@1c215c31 cartago.OpFeedbackParam@7dabc2f9 ) completed in artifact workspace
[Basic logger ] At 1789909361371 operation ( closeAuction ) requested in artifact auctioncce51153469740518f5ab145fd8b1bc5 by agent useMonitorcce51153469740518f5ab145fd8b1bc5 
[Basic logger ] At 1789909361371 operation ( closeAuction ) started in artifact auctioncce51153469740518f5ab145fd8b1bc5
[Basic logger ] At 1789909361373 new percept generated about artifact auctioncce51153469740518f5ab145fd8b1bc5 changed properties: [Lcartago.ArtifactObsProperty;@65876c3e
[Basic logger ] At 1789909361373 operation ( closeAuction ) completed in artifact auctioncce51153469740518f5ab145fd8b1bc5
[Basic logger ] At 1789909361373 operation ( placeBid item1 10 ) requested in artifact auctioncce51153469740518f5ab145fd8b1bc5 by agent useMonitorcce51153469740518f5ab145fd8b1bc5 
[Basic logger ] At 1789909361373 operation ( placeBid item1 10 ) started in artifact auctioncce51153469740518f5ab145fd8b1bc5
[Basic logger ] At 1789909361373 new percept generated about artifact auctioncce51153469740518f5ab145fd8b1bc5 signal: bid(item1,10) 
[Basic logger ] At 1789909361373 operation ( placeBid item1 10 ) completed in artifact auctioncce51153469740518f5ab145fd8b1bc5
[Basic logger ] At 1789909361373 operation ( placeBid item1 0 ) requested in artifact auctioncce51153469740518f5ab145fd8b1bc5 by agent useMonitorcce51153469740518f5ab145fd8b1bc5 
[Basic logger ] At 1789909361374 operation ( placeBid item1 0 ) started in artifact auctioncce51153469740518f5ab145fd8b1bc5
[Basic logger ] At 1789909361374 operation ( placeBid item1 0 ) failed in artifact auctioncce51153469740518f5ab145fd8b1bc5 - msg:amount must be positive desc:null
[Basic logger ] At 1789909361374 operation ( removeOpen ) requested in artifact auctioncce51153469740518f5ab145fd8b1bc5 by agent useMonitorcce51153469740518f5ab145fd8b1bc5 
[Basic logger ] At 1789909361374 operation ( removeOpen ) started in artifact auctioncce51153469740518f5ab145fd8b1bc5
[Basic logger ] At 1789909361374 new percept generated about artifact auctioncce51153469740518f5ab145fd8b1bc5 removed properties: [Lcartago.ArtifactObsProperty;@30fc8ae2
[Basic logger ] At 1789909361374 operation ( removeOpen ) completed in artifact auctioncce51153469740518f5ab145fd8b1bc5
[Basic logger ] At 1789909361377 artifact auctioncce51153469740518f5ab145fd8b1bc5 has been disposed by null
[Basic logger ] At 1789909361378 operation ( makeArtifact unboundcce51153469740518f5ab145fd8b1bc5 org.tzi.use.plugins.jacamo.runtime.TestAuctionArtifact [Ljava.lang.Object;@74575124 cartago.OpFeedbackParam@24c28909 ) requested in artifact workspace by agent useMonitorcce51153469740518f5ab145fd8b1bc5 
[Basic logger ] At 1789909361378 operation ( makeArtifact unboundcce51153469740518f5ab145fd8b1bc5 org.tzi.use.plugins.jacamo.runtime.TestAuctionArtifact [Ljava.lang.Object;@74575124 cartago.OpFeedbackParam@24c28909 ) started in artifact workspace
[Basic logger ] At 1789909361378 new percept generated about artifact unboundcce51153469740518f5ab145fd8b1bc5 added properties: [Lcartago.ArtifactObsProperty;@6220205a
[Basic logger ] At 1789909361378 artifact unboundcce51153469740518f5ab145fd8b1bc5 type: org.tzi.use.plugins.jacamo.runtime.TestAuctionArtifact has been created by useMonitorcce51153469740518f5ab145fd8b1bc5
[Basic logger ] At 1789909361378 new percept generated about artifact workspace added properties: [Lcartago.ArtifactObsProperty;@6ce7d26e
[Basic logger ] At 1789909361379 operation ( makeArtifact unboundcce51153469740518f5ab145fd8b1bc5 org.tzi.use.plugins.jacamo.runtime.TestAuctionArtifact [Ljava.lang.Object;@74575124 cartago.OpFeedbackParam@24c28909 ) completed in artifact workspace
[Basic logger ] At 1789909361379 artifact unboundcce51153469740518f5ab145fd8b1bc5 has been disposed by null
[INFO] Tests run: 2, Failures: 0, Errors: 0, Skipped: 0, Time elapsed: 0.026 s -- in org.tzi.use.plugins.jacamo.runtime.CartagoRuntimeConnectorTest
[INFO] Running org.tzi.use.plugins.jacamo.runtime.CompositeRuntimeConnectorTest
[INFO] Tests run: 3, Failures: 0, Errors: 0, Skipped: 0, Time elapsed: 0.030 s -- in org.tzi.use.plugins.jacamo.runtime.CompositeRuntimeConnectorTest
[INFO] Running org.tzi.use.plugins.jacamo.runtime.CounterTeamIntegrationTest
PHASE24_COUNTER elapsedNanos=909454100 events=33
[INFO] Tests run: 1, Failures: 0, Errors: 0, Skipped: 0, Time elapsed: 0.918 s -- in org.tzi.use.plugins.jacamo.runtime.CounterTeamIntegrationTest
[INFO] Running org.tzi.use.plugins.jacamo.runtime.JasonRuntimeConnectorTest
[INFO] Tests run: 1, Failures: 0, Errors: 0, Skipped: 0, Time elapsed: 0.003 s -- in org.tzi.use.plugins.jacamo.runtime.JasonRuntimeConnectorTest
[INFO] Running org.tzi.use.plugins.jacamo.runtime.LiveJaCaMoAuctionIntegrationTest
[INFO] Tests run: 1, Failures: 0, Errors: 0, Skipped: 0, Time elapsed: 1.372 s -- in org.tzi.use.plugins.jacamo.runtime.LiveJaCaMoAuctionIntegrationTest
[INFO] Running org.tzi.use.plugins.jacamo.runtime.MoiseBoardSnapshotSourceTest
[INFO] Tests run: 2, Failures: 0, Errors: 0, Skipped: 0, Time elapsed: 0.019 s -- in org.tzi.use.plugins.jacamo.runtime.MoiseBoardSnapshotSourceTest
[INFO] Running org.tzi.use.plugins.jacamo.runtime.MoiseRuntimeConnectorTest
[INFO] Tests run: 1, Failures: 0, Errors: 0, Skipped: 0, Time elapsed: 0.013 s -- in org.tzi.use.plugins.jacamo.runtime.MoiseRuntimeConnectorTest
[INFO] Running org.tzi.use.plugins.jacamo.runtime.RuntimeAliasTest
[INFO] Tests run: 1, Failures: 0, Errors: 0, Skipped: 0, Time elapsed: 0.004 s -- in org.tzi.use.plugins.jacamo.runtime.RuntimeAliasTest
[INFO] Running org.tzi.use.plugins.jacamo.runtime.RuntimeAuthorityTest
[INFO] Tests run: 1, Failures: 0, Errors: 0, Skipped: 0, Time elapsed: 0.003 s -- in org.tzi.use.plugins.jacamo.runtime.RuntimeAuthorityTest
[INFO] Running org.tzi.use.plugins.jacamo.runtime.RuntimeFoundationTest
PHASE27_RUNTIME eventToMirror=223500ns depth=0 highWatermark=1
[INFO] Tests run: 23, Failures: 0, Errors: 0, Skipped: 0, Time elapsed: 3.863 s -- in org.tzi.use.plugins.jacamo.runtime.RuntimeFoundationTest
[INFO] Running org.tzi.use.plugins.jacamo.runtime.RuntimeIdentityHardeningTest
[INFO] Tests run: 2, Failures: 0, Errors: 0, Skipped: 0, Time elapsed: 0.003 s -- in org.tzi.use.plugins.jacamo.runtime.RuntimeIdentityHardeningTest
[INFO] Running org.tzi.use.plugins.jacamo.runtime.RuntimeMappingTest
[INFO] Tests run: 6, Failures: 0, Errors: 0, Skipped: 0, Time elapsed: 0.103 s -- in org.tzi.use.plugins.jacamo.runtime.RuntimeMappingTest
[INFO] Running org.tzi.use.plugins.jacamo.runtime.RuntimeMigrationTest
[INFO] Tests run: 3, Failures: 0, Errors: 0, Skipped: 0, Time elapsed: 0.017 s -- in org.tzi.use.plugins.jacamo.runtime.RuntimeMigrationTest
[INFO] Running org.tzi.use.plugins.jacamo.runtime.RuntimeTraceTest
[INFO] Tests run: 1, Failures: 0, Errors: 0, Skipped: 0, Time elapsed: 0.003 s -- in org.tzi.use.plugins.jacamo.runtime.RuntimeTraceTest
[INFO] Running org.tzi.use.plugins.jacamo.semantic.SemanticIdTest
[INFO] Tests run: 4, Failures: 0, Errors: 0, Skipped: 0, Time elapsed: 0.006 s -- in org.tzi.use.plugins.jacamo.semantic.SemanticIdTest
[INFO] Running org.tzi.use.plugins.jacamo.semantic.SemanticModelTest
[INFO] Tests run: 3, Failures: 0, Errors: 0, Skipped: 0, Time elapsed: 0.019 s -- in org.tzi.use.plugins.jacamo.semantic.SemanticModelTest
[INFO] Running org.tzi.use.plugins.jacamo.trace.TraceBindingTest
[INFO] Tests run: 4, Failures: 0, Errors: 0, Skipped: 0, Time elapsed: 0.132 s -- in org.tzi.use.plugins.jacamo.trace.TraceBindingTest
[INFO] Running org.tzi.use.plugins.jacamo.ui.JaCaMoWorkbenchPanelTest
[INFO] Tests run: 7, Failures: 0, Errors: 0, Skipped: 0, Time elapsed: 0.720 s -- in org.tzi.use.plugins.jacamo.ui.JaCaMoWorkbenchPanelTest
[INFO] Running org.tzi.use.plugins.jacamo.verification.CrossDimensionalVerifierTest
[INFO] Tests run: 1, Failures: 0, Errors: 0, Skipped: 0, Time elapsed: 0.135 s -- in org.tzi.use.plugins.jacamo.verification.CrossDimensionalVerifierTest
[INFO] Running org.tzi.use.plugins.jacamo.verification.OfflineVerificationServiceTest
[INFO] Tests run: 4, Failures: 0, Errors: 0, Skipped: 0, Time elapsed: 0.515 s -- in org.tzi.use.plugins.jacamo.verification.OfflineVerificationServiceTest
[INFO] Running org.tzi.use.plugins.jacamo.verification.profile.VerificationSemanticLayerTest
[INFO] Tests run: 1, Failures: 0, Errors: 0, Skipped: 0, Time elapsed: 0.190 s -- in org.tzi.use.plugins.jacamo.verification.profile.VerificationSemanticLayerTest
[INFO] Running org.tzi.use.plugins.jacamo.verification.RuntimeHistoryVerifierTest
[INFO] Tests run: 2, Failures: 0, Errors: 0, Skipped: 0, Time elapsed: 0.007 s -- in org.tzi.use.plugins.jacamo.verification.RuntimeHistoryVerifierTest
[INFO] Running org.tzi.use.plugins.jacamo.verification.RuntimeVerificationEngineTest
PHASE13_RUNTIME eventToResult=432900ns
[INFO] Tests run: 16, Failures: 0, Errors: 0, Skipped: 0, Time elapsed: 2.355 s -- in org.tzi.use.plugins.jacamo.verification.RuntimeVerificationEngineTest
[INFO] 
[INFO] Results:
[INFO] 
[INFO] Tests run: 163, Failures: 0, Errors: 0, Skipped: 0
[INFO] 
[INFO] 
[INFO] --- jar:3.4.2:jar (default-jar) @ use-plugin ---
[INFO] Building jar: D:\_CODE_BANK\Project_\08_Thesis\use\use-plugin\target\use-plugin-1.0.1.jar
[INFO] 
[INFO] --- shade:3.6.0:shade (default) @ use-plugin ---
[INFO] Including com.networknt:json-schema-validator:jar:2.0.1 in the shaded jar.
[INFO] Including com.ethlo.time:itu:jar:1.14.0 in the shaded jar.
[INFO] Including com.fasterxml.jackson.core:jackson-databind:jar:2.18.3 in the shaded jar.
[INFO] Including com.fasterxml.jackson.core:jackson-annotations:jar:2.18.3 in the shaded jar.
[INFO] Including com.fasterxml.jackson.core:jackson-core:jar:2.18.3 in the shaded jar.
[INFO] Including com.fasterxml.jackson.dataformat:jackson-dataformat-yaml:jar:2.18.3 in the shaded jar.
[INFO] Including org.yaml:snakeyaml:jar:2.3 in the shaded jar.
[INFO] Including org.slf4j:slf4j-api:jar:2.0.17 in the shaded jar.
[INFO] Replacing original artifact with shaded artifact.
[INFO] Replacing D:\_CODE_BANK\Project_\08_Thesis\use\use-plugin\target\use-plugin-1.0.1.jar with D:\_CODE_BANK\Project_\08_Thesis\use\use-plugin\target\use-plugin-1.0.1-shaded.jar
[INFO] 
[INFO] --- assembly:3.7.1:single (release-package) @ use-plugin ---
[INFO] Reading assembly descriptor: src/assembly/release.xml
[INFO] Building zip: D:\_CODE_BANK\Project_\08_Thesis\use\use-plugin\target\use-jacamo-plugin-1.0.1.zip
[INFO] 
[INFO] --- antrun:3.1.0:run (release-package-checksum) @ use-plugin ---
[INFO] Executing tasks
[INFO] Executed tasks
[INFO] 
[INFO] --- failsafe:3.2.5:integration-test (default) @ use-plugin ---
[INFO] Using auto detected provider org.apache.maven.surefire.junitplatform.JUnitPlatformProvider
[INFO] 
[INFO] -------------------------------------------------------
[INFO]  T E S T S
[INFO] -------------------------------------------------------
[INFO] Running org.tzi.use.plugins.jacamo.release.ReleasePackageIT
[INFO] Tests run: 3, Failures: 0, Errors: 0, Skipped: 0, Time elapsed: 1.200 s -- in org.tzi.use.plugins.jacamo.release.ReleasePackageIT
[INFO] 
[INFO] Results:
[INFO] 
[INFO] Tests run: 3, Failures: 0, Errors: 0, Skipped: 0
[INFO] 
[INFO] 
[INFO] --- failsafe:3.2.5:verify (default) @ use-plugin ---
[INFO] ------------------------------------------------------------------------
[INFO] BUILD SUCCESS
[INFO] ------------------------------------------------------------------------
[INFO] Total time:  45.057 s
[INFO] Finished at: 2026-09-20T20:02:56+07:00
[INFO] ------------------------------------------------------------------------
