[INFO] Scanning for projects...
[INFO] 
[INFO] -----------------------< org.tzi.use:use-plugin >-----------------------
[INFO] Building USE JaCaMo Plugin 1.0.1
[INFO]   from pom.xml
[INFO] --------------------------------[ jar ]---------------------------------
[INFO] 
[INFO] --- resources:3.3.1:resources (default-resources) @ use-plugin ---
[INFO] Copying 11 resources from src\main\resources to target\classes
[INFO] Copying 1 resource from Core\Metamodel to target\classes\org\tzi\use\plugins\jacamo\canonical
[INFO] Copying 3 resources from Core\Mapping to target\classes\org\tzi\use\plugins\jacamo\canonical
[INFO] Copying 1 resource from release to target\classes\org\tzi\use\plugins\jacamo\release
[INFO] Copying 1 resource from  to target\classes\org\tzi\use\plugins\jacamo\release
[INFO] Copying 2 resources from licenses to target\classes\org\tzi\use\plugins\jacamo\release\licenses
[INFO] 
[INFO] --- compiler:3.15.0:compile (default-compile) @ use-plugin ---
[INFO] Nothing to compile - all classes are up to date.
[INFO] 
[INFO] --- resources:3.3.1:testResources (default-testResources) @ use-plugin ---
[INFO] Copying 18 resources from src\test\resources to target\test-classes
[INFO] 
[INFO] --- compiler:3.15.0:testCompile (default-testCompile) @ use-plugin ---
[INFO] Nothing to compile - all classes are up to date.
[INFO] 
[INFO] --- surefire:3.2.5:test (default-test) @ use-plugin ---
[INFO] Using auto detected provider org.apache.maven.surefire.junitplatform.JUnitPlatformProvider
[INFO] 
[INFO] -------------------------------------------------------
[INFO]  T E S T S
[INFO] -------------------------------------------------------
[INFO] Running org.tzi.use.plugins.jacamo.CompatibilityManifestTest
[INFO] Tests run: 1, Failures: 0, Errors: 0, Skipped: 0, Time elapsed: 0.497 s -- in org.tzi.use.plugins.jacamo.CompatibilityManifestTest
[INFO] Running org.tzi.use.plugins.jacamo.constraint.ConstraintClosureTest
SLF4J(W): No SLF4J providers were found.
SLF4J(W): Defaulting to no-operation (NOP) logger implementation
SLF4J(W): See https://www.slf4j.org/codes.html#noProviders for further details.
[INFO] Tests run: 4, Failures: 0, Errors: 0, Skipped: 0, Time elapsed: 4.049 s -- in org.tzi.use.plugins.jacamo.constraint.ConstraintClosureTest
[INFO] Running org.tzi.use.plugins.jacamo.constraint.ConstraintOclTest
[INFO] Tests run: 7, Failures: 0, Errors: 0, Skipped: 0, Time elapsed: 1.165 s -- in org.tzi.use.plugins.jacamo.constraint.ConstraintOclTest
[INFO] Running org.tzi.use.plugins.jacamo.DefaultJaCaMoFacadeTest
PHASE13_PERFORMANCE import=145049000ns generation=28935800ns fullCheck=229700ns memory=37381056B maxMemory=4219469824B
[INFO] Tests run: 11, Failures: 0, Errors: 0, Skipped: 0, Time elapsed: 2.631 s -- in org.tzi.use.plugins.jacamo.DefaultJaCaMoFacadeTest
[INFO] Running org.tzi.use.plugins.jacamo.evidence.EvidenceNormalizerTest
[INFO] Tests run: 2, Failures: 0, Errors: 0, Skipped: 0, Time elapsed: 0.023 s -- in org.tzi.use.plugins.jacamo.evidence.EvidenceNormalizerTest
[INFO] Running org.tzi.use.plugins.jacamo.evidence.EvidenceSourceCommitTest
[INFO] Tests run: 1, Failures: 0, Errors: 0, Skipped: 0, Time elapsed: 0.743 s -- in org.tzi.use.plugins.jacamo.evidence.EvidenceSourceCommitTest
[INFO] Running org.tzi.use.plugins.jacamo.extraction.StaticProjectImporterTest
[INFO] Tests run: 9, Failures: 0, Errors: 0, Skipped: 0, Time elapsed: 2.273 s -- in org.tzi.use.plugins.jacamo.extraction.StaticProjectImporterTest
[INFO] Running org.tzi.use.plugins.jacamo.GoldenPipelineTest
[INFO] Tests run: 1, Failures: 0, Errors: 0, Skipped: 0, Time elapsed: 1.008 s -- in org.tzi.use.plugins.jacamo.GoldenPipelineTest
[INFO] Running org.tzi.use.plugins.jacamo.HotfixBindingTest
[INFO] Tests run: 1, Failures: 0, Errors: 0, Skipped: 0, Time elapsed: 2.031 s -- in org.tzi.use.plugins.jacamo.HotfixBindingTest
[INFO] Running org.tzi.use.plugins.jacamo.HotfixLifecycleTest
[INFO] Tests run: 4, Failures: 0, Errors: 0, Skipped: 0, Time elapsed: 1.242 s -- in org.tzi.use.plugins.jacamo.HotfixLifecycleTest
[INFO] Running org.tzi.use.plugins.jacamo.JaCaMoPluginTest
[INFO] Tests run: 4, Failures: 0, Errors: 0, Skipped: 0, Time elapsed: 0.698 s -- in org.tzi.use.plugins.jacamo.JaCaMoPluginTest
[INFO] Running org.tzi.use.plugins.jacamo.mapping.MappingTransformationTest
[INFO] Tests run: 10, Failures: 0, Errors: 0, Skipped: 0, Time elapsed: 0.581 s -- in org.tzi.use.plugins.jacamo.mapping.MappingTransformationTest
[INFO] Running org.tzi.use.plugins.jacamo.materialization.InstanceMaterializationTest
[INFO] Tests run: 2, Failures: 0, Errors: 0, Skipped: 0, Time elapsed: 0.211 s -- in org.tzi.use.plugins.jacamo.materialization.InstanceMaterializationTest
[INFO] Running org.tzi.use.plugins.jacamo.project.JcmProjectLoaderTest
[INFO] Tests run: 11, Failures: 0, Errors: 0, Skipped: 0, Time elapsed: 0.273 s -- in org.tzi.use.plugins.jacamo.project.JcmProjectLoaderTest
[INFO] Running org.tzi.use.plugins.jacamo.project.ProjectModelTest
[INFO] Tests run: 3, Failures: 0, Errors: 0, Skipped: 0, Time elapsed: 0.009 s -- in org.tzi.use.plugins.jacamo.project.ProjectModelTest
[INFO] Running org.tzi.use.plugins.jacamo.release.ReleasePackageContractTest
[INFO] Tests run: 1, Failures: 0, Errors: 0, Skipped: 0, Time elapsed: 0.003 s -- in org.tzi.use.plugins.jacamo.release.ReleasePackageContractTest
[INFO] Running org.tzi.use.plugins.jacamo.runtime.AuctionSourceRuntimeTest
[INFO] Tests run: 1, Failures: 0, Errors: 0, Skipped: 0, Time elapsed: 0.794 s -- in org.tzi.use.plugins.jacamo.runtime.AuctionSourceRuntimeTest
[INFO] Running org.tzi.use.plugins.jacamo.runtime.CartagoRuntimeConnectorTest
[Basic logger ] At 1789858195881 artifact body_useMonitor1ab694e3044146dbb37ffb4fbdb74852 type: cartago.AgentBodyArtifact has been created by useMonitor1ab694e3044146dbb37ffb4fbdb74852
[Basic logger ] At 1789858195881 artifact body_useMonitor1ab694e3044146dbb37ffb4fbdb74852 focussed by useMonitor1ab694e3044146dbb37ffb4fbdb74852
[Basic logger ] At 1789858195881 agent useMonitor1ab694e3044146dbb37ffb4fbdb74852 joined the workspace.
[Basic logger ] At 1789858195882 new percept generated about artifact session_useMonitor1ab694e3044146dbb37ffb4fbdb74852 added properties: [Lcartago.ArtifactObsProperty;@7b8b458e
[Basic logger ] At 1789858195882 artifact session_useMonitor1ab694e3044146dbb37ffb4fbdb74852 type: cartago.AgentSessionArtifact has been created by useMonitor1ab694e3044146dbb37ffb4fbdb74852
[Basic logger ] At 1789858195882 artifact session_useMonitor1ab694e3044146dbb37ffb4fbdb74852 focussed by useMonitor1ab694e3044146dbb37ffb4fbdb74852
[Basic logger ] At 1789858195883 operation ( makeArtifact auction1ab694e3044146dbb37ffb4fbdb74852 org.tzi.use.plugins.jacamo.runtime.TestAuctionArtifact [Ljava.lang.Object;@414c2c8c cartago.OpFeedbackParam@73d9f235 ) requested in artifact workspace by agent useMonitor1ab694e3044146dbb37ffb4fbdb74852 
[Basic logger ] At 1789858195883 operation ( makeArtifact auction1ab694e3044146dbb37ffb4fbdb74852 org.tzi.use.plugins.jacamo.runtime.TestAuctionArtifact [Ljava.lang.Object;@414c2c8c cartago.OpFeedbackParam@73d9f235 ) started in artifact workspace
[Basic logger ] At 1789858195885 new percept generated about artifact auction1ab694e3044146dbb37ffb4fbdb74852 added properties: [Lcartago.ArtifactObsProperty;@5523cbd7
[Basic logger ] At 1789858195888 artifact auction1ab694e3044146dbb37ffb4fbdb74852 type: org.tzi.use.plugins.jacamo.runtime.TestAuctionArtifact has been created by useMonitor1ab694e3044146dbb37ffb4fbdb74852
[Basic logger ] At 1789858195888 new percept generated about artifact workspace added properties: [Lcartago.ArtifactObsProperty;@1f061a43
[Basic logger ] At 1789858195888 operation ( makeArtifact auction1ab694e3044146dbb37ffb4fbdb74852 org.tzi.use.plugins.jacamo.runtime.TestAuctionArtifact [Ljava.lang.Object;@414c2c8c cartago.OpFeedbackParam@73d9f235 ) completed in artifact workspace
[Basic logger ] At 1789858195890 operation ( closeAuction ) requested in artifact auction1ab694e3044146dbb37ffb4fbdb74852 by agent useMonitor1ab694e3044146dbb37ffb4fbdb74852 
[Basic logger ] At 1789858195890 operation ( closeAuction ) started in artifact auction1ab694e3044146dbb37ffb4fbdb74852
[Basic logger ] At 1789858195893 new percept generated about artifact auction1ab694e3044146dbb37ffb4fbdb74852 changed properties: [Lcartago.ArtifactObsProperty;@1511041f
[Basic logger ] At 1789858195893 operation ( closeAuction ) completed in artifact auction1ab694e3044146dbb37ffb4fbdb74852
[Basic logger ] At 1789858195893 operation ( placeBid item1 10 ) requested in artifact auction1ab694e3044146dbb37ffb4fbdb74852 by agent useMonitor1ab694e3044146dbb37ffb4fbdb74852 
[Basic logger ] At 1789858195894 operation ( placeBid item1 10 ) started in artifact auction1ab694e3044146dbb37ffb4fbdb74852
[Basic logger ] At 1789858195894 new percept generated about artifact auction1ab694e3044146dbb37ffb4fbdb74852 signal: bid(item1,10) 
[Basic logger ] At 1789858195894 operation ( placeBid item1 10 ) completed in artifact auction1ab694e3044146dbb37ffb4fbdb74852
[Basic logger ] At 1789858195895 operation ( placeBid item1 0 ) requested in artifact auction1ab694e3044146dbb37ffb4fbdb74852 by agent useMonitor1ab694e3044146dbb37ffb4fbdb74852 
[Basic logger ] At 1789858195895 operation ( placeBid item1 0 ) started in artifact auction1ab694e3044146dbb37ffb4fbdb74852
[Basic logger ] At 1789858195895 operation ( placeBid item1 0 ) failed in artifact auction1ab694e3044146dbb37ffb4fbdb74852 - msg:amount must be positive desc:null
[Basic logger ] At 1789858195895 operation ( removeOpen ) requested in artifact auction1ab694e3044146dbb37ffb4fbdb74852 by agent useMonitor1ab694e3044146dbb37ffb4fbdb74852 
[Basic logger ] At 1789858195896 operation ( removeOpen ) started in artifact auction1ab694e3044146dbb37ffb4fbdb74852
[Basic logger ] At 1789858195896 new percept generated about artifact auction1ab694e3044146dbb37ffb4fbdb74852 removed properties: [Lcartago.ArtifactObsProperty;@364f6bec
[Basic logger ] At 1789858195896 operation ( removeOpen ) completed in artifact auction1ab694e3044146dbb37ffb4fbdb74852
[Basic logger ] At 1789858195899 artifact auction1ab694e3044146dbb37ffb4fbdb74852 has been disposed by null
[Basic logger ] At 1789858195899 operation ( makeArtifact unbound1ab694e3044146dbb37ffb4fbdb74852 org.tzi.use.plugins.jacamo.runtime.TestAuctionArtifact [Ljava.lang.Object;@34f14035 cartago.OpFeedbackParam@72efba55 ) requested in artifact workspace by agent useMonitor1ab694e3044146dbb37ffb4fbdb74852 
[Basic logger ] At 1789858195900 operation ( makeArtifact unbound1ab694e3044146dbb37ffb4fbdb74852 org.tzi.use.plugins.jacamo.runtime.TestAuctionArtifact [Ljava.lang.Object;@34f14035 cartago.OpFeedbackParam@72efba55 ) started in artifact workspace
[Basic logger ] At 1789858195900 new percept generated about artifact unbound1ab694e3044146dbb37ffb4fbdb74852 added properties: [Lcartago.ArtifactObsProperty;@2979bbc3
[Basic logger ] At 1789858195900 artifact unbound1ab694e3044146dbb37ffb4fbdb74852 type: org.tzi.use.plugins.jacamo.runtime.TestAuctionArtifact has been created by useMonitor1ab694e3044146dbb37ffb4fbdb74852
[Basic logger ] At 1789858195900 new percept generated about artifact workspace added properties: [Lcartago.ArtifactObsProperty;@27be509c
[Basic logger ] At 1789858195900 operation ( makeArtifact unbound1ab694e3044146dbb37ffb4fbdb74852 org.tzi.use.plugins.jacamo.runtime.TestAuctionArtifact [Ljava.lang.Object;@34f14035 cartago.OpFeedbackParam@72efba55 ) completed in artifact workspace
[Basic logger ] At 1789858195900 artifact unbound1ab694e3044146dbb37ffb4fbdb74852 has been disposed by null
[INFO] Tests run: 2, Failures: 0, Errors: 0, Skipped: 0, Time elapsed: 0.034 s -- in org.tzi.use.plugins.jacamo.runtime.CartagoRuntimeConnectorTest
[INFO] Running org.tzi.use.plugins.jacamo.runtime.CompositeRuntimeConnectorTest
[INFO] Tests run: 3, Failures: 0, Errors: 0, Skipped: 0, Time elapsed: 0.047 s -- in org.tzi.use.plugins.jacamo.runtime.CompositeRuntimeConnectorTest
[INFO] Running org.tzi.use.plugins.jacamo.runtime.CounterTeamIntegrationTest
PHASE24_COUNTER elapsedNanos=969252300 events=33
[INFO] Tests run: 1, Failures: 0, Errors: 0, Skipped: 0, Time elapsed: 0.980 s -- in org.tzi.use.plugins.jacamo.runtime.CounterTeamIntegrationTest
[INFO] Running org.tzi.use.plugins.jacamo.runtime.JasonRuntimeConnectorTest
[INFO] Tests run: 1, Failures: 0, Errors: 0, Skipped: 0, Time elapsed: 0.007 s -- in org.tzi.use.plugins.jacamo.runtime.JasonRuntimeConnectorTest
[INFO] Running org.tzi.use.plugins.jacamo.runtime.LiveJaCaMoAuctionIntegrationTest
[INFO] Tests run: 1, Failures: 0, Errors: 0, Skipped: 0, Time elapsed: 1.303 s -- in org.tzi.use.plugins.jacamo.runtime.LiveJaCaMoAuctionIntegrationTest
[INFO] Running org.tzi.use.plugins.jacamo.runtime.MoiseRuntimeConnectorTest
[INFO] Tests run: 1, Failures: 0, Errors: 0, Skipped: 0, Time elapsed: 0.017 s -- in org.tzi.use.plugins.jacamo.runtime.MoiseRuntimeConnectorTest
[INFO] Running org.tzi.use.plugins.jacamo.runtime.RuntimeAliasTest
[INFO] Tests run: 1, Failures: 0, Errors: 0, Skipped: 0, Time elapsed: 0.009 s -- in org.tzi.use.plugins.jacamo.runtime.RuntimeAliasTest
[INFO] Running org.tzi.use.plugins.jacamo.runtime.RuntimeAuthorityTest
[INFO] Tests run: 1, Failures: 0, Errors: 0, Skipped: 0, Time elapsed: 0.003 s -- in org.tzi.use.plugins.jacamo.runtime.RuntimeAuthorityTest
[INFO] Running org.tzi.use.plugins.jacamo.runtime.RuntimeFoundationTest
PHASE27_RUNTIME eventToMirror=324200ns depth=0 highWatermark=1
[INFO] Tests run: 23, Failures: 0, Errors: 0, Skipped: 0, Time elapsed: 5.858 s -- in org.tzi.use.plugins.jacamo.runtime.RuntimeFoundationTest
[INFO] Running org.tzi.use.plugins.jacamo.runtime.RuntimeIdentityHardeningTest
[INFO] Tests run: 2, Failures: 0, Errors: 0, Skipped: 0, Time elapsed: 0.006 s -- in org.tzi.use.plugins.jacamo.runtime.RuntimeIdentityHardeningTest
[INFO] Running org.tzi.use.plugins.jacamo.runtime.RuntimeMappingTest
[INFO] Tests run: 6, Failures: 0, Errors: 0, Skipped: 0, Time elapsed: 0.140 s -- in org.tzi.use.plugins.jacamo.runtime.RuntimeMappingTest
[INFO] Running org.tzi.use.plugins.jacamo.runtime.RuntimeMigrationTest
[INFO] Tests run: 3, Failures: 0, Errors: 0, Skipped: 0, Time elapsed: 0.026 s -- in org.tzi.use.plugins.jacamo.runtime.RuntimeMigrationTest
[INFO] Running org.tzi.use.plugins.jacamo.runtime.RuntimeTraceTest
[INFO] Tests run: 1, Failures: 0, Errors: 0, Skipped: 0, Time elapsed: 0.008 s -- in org.tzi.use.plugins.jacamo.runtime.RuntimeTraceTest
[INFO] Running org.tzi.use.plugins.jacamo.semantic.SemanticIdTest
[INFO] Tests run: 4, Failures: 0, Errors: 0, Skipped: 0, Time elapsed: 0.004 s -- in org.tzi.use.plugins.jacamo.semantic.SemanticIdTest
[INFO] Running org.tzi.use.plugins.jacamo.semantic.SemanticModelTest
[INFO] Tests run: 3, Failures: 0, Errors: 0, Skipped: 0, Time elapsed: 0.027 s -- in org.tzi.use.plugins.jacamo.semantic.SemanticModelTest
[INFO] Running org.tzi.use.plugins.jacamo.trace.TraceBindingTest
[INFO] Tests run: 4, Failures: 0, Errors: 0, Skipped: 0, Time elapsed: 0.170 s -- in org.tzi.use.plugins.jacamo.trace.TraceBindingTest
[INFO] Running org.tzi.use.plugins.jacamo.ui.JaCaMoWorkbenchPanelTest
[INFO] Tests run: 7, Failures: 0, Errors: 0, Skipped: 0, Time elapsed: 1.021 s -- in org.tzi.use.plugins.jacamo.ui.JaCaMoWorkbenchPanelTest
[INFO] Running org.tzi.use.plugins.jacamo.verification.CrossDimensionalVerifierTest
[INFO] Tests run: 1, Failures: 0, Errors: 0, Skipped: 0, Time elapsed: 0.130 s -- in org.tzi.use.plugins.jacamo.verification.CrossDimensionalVerifierTest
[INFO] Running org.tzi.use.plugins.jacamo.verification.OfflineVerificationServiceTest
[INFO] Tests run: 4, Failures: 0, Errors: 0, Skipped: 0, Time elapsed: 0.586 s -- in org.tzi.use.plugins.jacamo.verification.OfflineVerificationServiceTest
[INFO] Running org.tzi.use.plugins.jacamo.verification.profile.VerificationSemanticLayerTest
[INFO] Tests run: 1, Failures: 0, Errors: 0, Skipped: 0, Time elapsed: 0.201 s -- in org.tzi.use.plugins.jacamo.verification.profile.VerificationSemanticLayerTest
[INFO] Running org.tzi.use.plugins.jacamo.verification.RuntimeHistoryVerifierTest
[INFO] Tests run: 2, Failures: 0, Errors: 0, Skipped: 0, Time elapsed: 0.010 s -- in org.tzi.use.plugins.jacamo.verification.RuntimeHistoryVerifierTest
[INFO] Running org.tzi.use.plugins.jacamo.verification.RuntimeVerificationEngineTest
PHASE13_RUNTIME eventToResult=593300ns
[INFO] Tests run: 16, Failures: 0, Errors: 0, Skipped: 0, Time elapsed: 2.463 s -- in org.tzi.use.plugins.jacamo.verification.RuntimeVerificationEngineTest
[INFO] 
[INFO] Results:
[INFO] 
[INFO] Tests run: 161, Failures: 0, Errors: 0, Skipped: 0
[INFO] 
[INFO] 
[INFO] --- jar:3.4.2:jar (default-jar) @ use-plugin ---
[INFO] Building jar: D:\_CODE_BANK\Project_\08_Thesis\use\use-plugin\target\use-plugin-1.0.1.jar
[INFO] 
[INFO] --- shade:3.6.0:shade (default) @ use-plugin ---
[INFO] Including com.networknt:json-schema-validator:jar:2.0.1 in the shaded jar.
[INFO] Including com.ethlo.time:itu:jar:1.14.0 in the shaded jar.
[INFO] Including com.fasterxml.jackson.core:jackson-databind:jar:2.18.3 in the shaded jar.
[INFO] Including com.fasterxml.jackson.core:jackson-annotations:jar:2.18.3 in the shaded jar.
[INFO] Including com.fasterxml.jackson.core:jackson-core:jar:2.18.3 in the shaded jar.
[INFO] Including com.fasterxml.jackson.dataformat:jackson-dataformat-yaml:jar:2.18.3 in the shaded jar.
[INFO] Including org.yaml:snakeyaml:jar:2.3 in the shaded jar.
[INFO] Including org.slf4j:slf4j-api:jar:2.0.17 in the shaded jar.
[INFO] Replacing original artifact with shaded artifact.
[INFO] Replacing D:\_CODE_BANK\Project_\08_Thesis\use\use-plugin\target\use-plugin-1.0.1.jar with D:\_CODE_BANK\Project_\08_Thesis\use\use-plugin\target\use-plugin-1.0.1-shaded.jar
[INFO] 
[INFO] --- assembly:3.7.1:single (release-package) @ use-plugin ---
[INFO] Reading assembly descriptor: src/assembly/release.xml
[INFO] Building zip: D:\_CODE_BANK\Project_\08_Thesis\use\use-plugin\target\use-jacamo-plugin-1.0.1.zip
[INFO] 
[INFO] --- antrun:3.1.0:run (release-package-checksum) @ use-plugin ---
[INFO] Executing tasks
[INFO] Executed tasks
[INFO] 
[INFO] --- failsafe:3.2.5:integration-test (default) @ use-plugin ---
[INFO] Using auto detected provider org.apache.maven.surefire.junitplatform.JUnitPlatformProvider
[INFO] 
[INFO] -------------------------------------------------------
[INFO]  T E S T S
[INFO] -------------------------------------------------------
[INFO] Running org.tzi.use.plugins.jacamo.release.ReleasePackageIT
[INFO] Tests run: 3, Failures: 0, Errors: 0, Skipped: 0, Time elapsed: 1.261 s -- in org.tzi.use.plugins.jacamo.release.ReleasePackageIT
[INFO] 
[INFO] Results:
[INFO] 
[INFO] Tests run: 3, Failures: 0, Errors: 0, Skipped: 0
[INFO] 
[INFO] 
[INFO] --- failsafe:3.2.5:verify (default) @ use-plugin ---
[INFO] ------------------------------------------------------------------------
[INFO] BUILD SUCCESS
[INFO] ------------------------------------------------------------------------
[INFO] Total time:  57.498 s
[INFO] Finished at: 2026-09-20T05:50:15+07:00
[INFO] ------------------------------------------------------------------------
