[INFO] Scanning for projects...
[INFO] 
[INFO] -----------------------< org.tzi.use:use-plugin >-----------------------
[INFO] Building USE JaCaMo Plugin 1.0.1
[INFO]   from pom.xml
[INFO] --------------------------------[ jar ]---------------------------------
[INFO] 
[INFO] --- failsafe:3.2.5:integration-test (default-cli) @ use-plugin ---
[INFO] Using auto detected provider org.apache.maven.surefire.junitplatform.JUnitPlatformProvider
[INFO] 
[INFO] -------------------------------------------------------
[INFO]  T E S T S
[INFO] -------------------------------------------------------
[INFO] Running org.tzi.use.plugins.jacamo.release.ReleasePackageIT
[INFO] Tests run: 3, Failures: 0, Errors: 0, Skipped: 0, Time elapsed: 1.176 s -- in org.tzi.use.plugins.jacamo.release.ReleasePackageIT
[INFO] 
[INFO] Results:
[INFO] 
[INFO] Tests run: 3, Failures: 0, Errors: 0, Skipped: 0
[INFO] 
[INFO] 
[INFO] --- failsafe:3.2.5:verify (default-cli) @ use-plugin ---
[INFO] ------------------------------------------------------------------------
[INFO] BUILD SUCCESS
[INFO] ------------------------------------------------------------------------
[INFO] Total time:  3.371 s
[INFO] Finished at: 2026-09-20T05:55:05+07:00
[INFO] ------------------------------------------------------------------------
